// Jest Snapshot v1, https://goo.gl/fbAQLP

exports[`FaceVerification DuplicateFoundError matches snapshot 1`] = `
<div
  className="css-view-1dbjc4n r-flex-13awgt0 r-pointerEvents-12vffkv"
>
  <div
    className="css-view-1dbjc4n r-position-bnwqim"
    data-name="viewWrapper"
    style={
      Object {
        "WebkitBoxDirection": "normal",
        "WebkitBoxFlex": 1,
        "WebkitBoxOrient": "vertical",
        "WebkitFlexDirection": "column",
        "WebkitFlexGrow": 1,
        "backgroundImage": "linear-gradient(3.141592653589793rad,#00AFFF,#2DC0F7,#28C0EF,#23C0E7,#1EC1DF,#19C1D7,#14C1CF,#0FC2C7,#0FC2C7,#0AC2BF,#05C2B7,#00C3AF)",
        "display": "flex",
        "flexDirection": "column",
        "flexGrow": 1,
        "maxHeight": "844px",
        "msFlexDirection": "column",
        "msFlexPositive": 1,
        "paddingBottom": "8px",
        "paddingLeft": "8px",
        "paddingRight": "8px",
        "paddingTop": "8px",
        "width": "100%",
      }
    }
  >
    <div
      className="css-view-1dbjc4n r-alignItems-1awozwy r-flex-13awgt0"
      style={
        Object {
          "WebkitBoxFlex": 1,
          "WebkitBoxPack": "space-evenly",
          "WebkitFlexGrow": 1,
          "WebkitFlexShrink": 0,
          "WebkitJustifyContent": "space-evenly",
          "backgroundColor": "rgba(255,255,255,1.00)",
          "borderBottomLeftRadius": "5px",
          "borderBottomRightRadius": "5px",
          "borderTopLeftRadius": "5px",
          "borderTopRightRadius": "5px",
          "display": "flex",
          "flexGrow": 1,
          "flexShrink": 0,
          "height": "100%",
          "justifyContent": "space-evenly",
          "msFlexNegative": 0,
          "msFlexPack": "space-evenly",
          "msFlexPositive": 1,
          "paddingBottom": "16px",
          "paddingLeft": "8px",
          "paddingRight": "8px",
          "paddingTop": "16px",
        }
      }
    >
      <div
        className="css-view-1dbjc4n r-flex-13awgt0"
        style={
          Object {
            "WebkitBoxPack": "space-evenly",
            "WebkitJustifyContent": "space-evenly",
            "backgroundColor": "rgba(255,255,255,1.00)",
            "borderBottomLeftRadius": "5px",
            "borderBottomRightRadius": "5px",
            "borderTopLeftRadius": "5px",
            "borderTopRightRadius": "5px",
            "justifyContent": "space-evenly",
            "marginBottom": "0px",
            "msFlexPack": "space-evenly",
            "paddingBottom": "16px",
            "paddingLeft": "8px",
            "paddingRight": "8px",
            "paddingTop": "8px",
            "width": "100%",
          }
        }
      >
        <div
          className="css-text-901oao"
          dir="auto"
          style={
            Object {
              "color": "rgba(250,108,119,1.00)",
              "fontFamily": "Roboto",
              "fontSize": "24px",
              "fontWeight": "500",
              "lineHeight": "30px",
              "marginBottom": "8px",
              "marginTop": "8px",
              "textAlign": "center",
              "textDecoration": "none",
              "textTransform": "none",
            }
          }
        >
          ,
Unfortunately,
We found your twin...
        </div>
        <div
          className="css-view-1dbjc4n r-alignItems-1awozwy r-flexDirection-18u37iz"
          style={
            Object {
              "WebkitBoxPack": "space-evenly",
              "WebkitJustifyContent": "space-evenly",
              "justifyContent": "space-evenly",
              "msFlexPack": "space-evenly",
            }
          }
        >
          <div
            className="css-view-1dbjc4n r-justifyContent-1777fci"
            style={
              Object {
                "display": "flex",
                "marginBottom": "0px",
                "marginLeft": "0px",
                "marginRight": "0px",
                "marginTop": "0px",
                "maxHeight": "auto",
                "width": "171.52777777777777px",
              }
            }
          >
            <div
              className="css-view-1dbjc4n"
              style={
                Object {
                  "height": "100%",
                }
              }
            />
          </div>
          <div
            className="css-view-1dbjc4n r-justifyContent-1777fci"
            style={
              Object {
                "display": "flex",
                "marginBottom": "0px",
                "marginLeft": "0px",
                "marginRight": "0px",
                "marginTop": "0px",
                "maxHeight": "auto",
                "width": "171.52777777777777px",
              }
            }
          >
            <div
              className="css-view-1dbjc4n"
              style={
                Object {
                  "height": "100%",
                }
              }
            />
          </div>
        </div>
        <div
          className="css-view-1dbjc4n"
          style={
            Object {
              "backgroundColor": "rgba(255,255,255,1.00)",
              "borderBottomLeftRadius": "5px",
              "borderBottomRightRadius": "5px",
              "borderTopLeftRadius": "5px",
              "borderTopRightRadius": "5px",
              "marginBottom": "0px",
              "paddingBottom": "0px",
              "paddingLeft": "12px",
              "paddingRight": "12px",
              "paddingTop": "0px",
            }
          }
        >
          <div
            className="css-view-1dbjc4n"
            style={
              Object {
                "backgroundColor": "rgba(0,175,255,1.00)",
                "borderBottomLeftRadius": "1px",
                "borderBottomRightRadius": "1px",
                "borderTopLeftRadius": "1px",
                "borderTopRightRadius": "1px",
                "height": "2px",
              }
            }
          />
          <div
            className="css-view-1dbjc4n"
            style={
              Object {
                "paddingBottom": "25px",
                "paddingTop": "25px",
              }
            }
          >
            <div
              className="css-text-901oao"
              dir="auto"
              style={
                Object {
                  "color": "rgba(0,175,255,1.00)",
                  "fontFamily": "Roboto",
                  "fontSize": "18px",
                  "fontWeight": "700",
                  "lineHeight": "25px",
                  "textAlign": "center",
                  "textDecoration": "none",
                  "textTransform": "none",
                }
              }
            >
              You can open ONLY ONE account per person.
            </div>
            <div
              className="css-text-901oao"
              dir="auto"
              style={
                Object {
                  "color": "rgba(0,175,255,1.00)",
                  "fontFamily": "Roboto",
                  "fontSize": "18px",
                  "fontWeight": "normal",
                  "lineHeight": "25px",
                  "textAlign": "center",
                  "textDecoration": "none",
                  "textTransform": "none",
                }
              }
            >
              If this is your only active account
please contact our support
            </div>
          </div>
          <div
            className="css-view-1dbjc4n"
            style={
              Object {
                "backgroundColor": "rgba(0,175,255,1.00)",
                "borderBottomLeftRadius": "1px",
                "borderBottomRightRadius": "1px",
                "borderTopLeftRadius": "1px",
                "borderTopRightRadius": "1px",
                "height": "2px",
              }
            }
          />
        </div>
      </div>
      <div
        className="css-view-1dbjc4n"
        style={
          Object {
            "width": "100%",
          }
        }
      >
        <div
          className="css-view-1dbjc4n r-justifyContent-1777fci"
          style={
            Object {
              "WebkitAlignItems": "stretch",
              "WebkitBoxAlign": "stretch",
              "alignItems": "stretch",
              "backgroundColor": "rgba(0,0,0,0.00)",
              "borderBottomColor": "rgba(0,175,255,1.00)",
              "borderBottomLeftRadius": "50px",
              "borderBottomRightRadius": "50px",
              "borderBottomStyle": "solid",
              "borderBottomWidth": "1px",
              "borderLeftColor": "rgba(0,175,255,1.00)",
              "borderLeftStyle": "solid",
              "borderLeftWidth": "1px",
              "borderRightColor": "rgba(0,175,255,1.00)",
              "borderRightStyle": "solid",
              "borderRightWidth": "1px",
              "borderTopColor": "rgba(0,175,255,1.00)",
              "borderTopLeftRadius": "50px",
              "borderTopRightRadius": "50px",
              "borderTopStyle": "solid",
              "borderTopWidth": "1px",
              "display": "flex",
              "marginBottom": "16px",
              "marginLeft": "0px",
              "marginRight": "0px",
              "marginTop": "0px",
              "minHeight": "44px",
              "minWidth": "64px",
              "msFlexAlign": "stretch",
              "paddingBottom": "0px",
              "paddingLeft": "0px",
              "paddingRight": "0px",
              "paddingTop": "0px",
            }
          }
        >
          <div
            className="css-cursor-18t94o4 css-view-1dbjc4n r-cursor-1loqt21 r-flex-13awgt0 r-overflow-1udh08x r-position-bnwqim r-touchAction-1otgn73"
            data-focusable={true}
            disabled={false}
            onKeyDown={[Function]}
            onKeyPress={[Function]}
            onKeyUp={[Function]}
            onResponderGrant={[Function]}
            onResponderMove={[Function]}
            onResponderRelease={[Function]}
            onResponderTerminate={[Function]}
            onResponderTerminationRequest={[Function]}
            onStartShouldSetResponder={[Function]}
            role="button"
            style={
              Object {
                "WebkitAlignSelf": "stretch",
                "alignSelf": "stretch",
                "borderBottomLeftRadius": "50px",
                "borderBottomRightRadius": "50px",
                "borderTopLeftRadius": "50px",
                "borderTopRightRadius": "50px",
                "msFlexItemAlign": "stretch",
              }
            }
            tabIndex="0"
          >
            <div
              className="css-view-1dbjc4n r-alignItems-1awozwy r-flex-13awgt0 r-flexDirection-18u37iz r-justifyContent-1777fci"
              style={
                Object {
                  "WebkitAlignSelf": "stretch",
                  "alignSelf": "stretch",
                  "msFlexItemAlign": "stretch",
                }
              }
            >
              <div
                className="css-view-1dbjc4n r-marginHorizontal-1ydw1k6 r-marginVertical-712mwr"
              >
                <div
                  className="css-view-1dbjc4n r-alignItems-1awozwy r-flex-13awgt0 r-flexDirection-18u37iz"
                  style={
                    Object {
                      "display": "flex",
                    }
                  }
                >
                  <div
                    className="css-text-901oao r-alignItems-1awozwy r-justifyContent-1777fci"
                    dir="auto"
                    style={
                      Object {
                        "color": "rgba(0,175,255,1.00)",
                        "fontFamily": "Roboto",
                        "fontSize": "16px",
                        "fontWeight": "500",
                        "letterSpacing": "0px",
                        "lineHeight": "22px",
                        "paddingTop": "1px",
                        "textAlign": "center",
                        "textDecoration": "none",
                        "textTransform": "uppercase",
                      }
                    }
                  >
                    CONTACT SUPPORT
                  </div>
                </div>
              </div>
            </div>
          </div>
        </div>
        <div
          className="css-view-1dbjc4n r-justifyContent-1777fci"
          style={
            Object {
              "WebkitAlignItems": "stretch",
              "WebkitBoxAlign": "stretch",
              "alignItems": "stretch",
              "backgroundColor": "rgba(0,175,255,1.00)",
              "borderBottomColor": "rgba(0,175,255,1.00)",
              "borderBottomLeftRadius": "50px",
              "borderBottomRightRadius": "50px",
              "borderBottomStyle": "solid",
              "borderBottomWidth": "0px",
              "borderLeftColor": "rgba(0,175,255,1.00)",
              "borderLeftStyle": "solid",
              "borderLeftWidth": "0px",
              "borderRightColor": "rgba(0,175,255,1.00)",
              "borderRightStyle": "solid",
              "borderRightWidth": "0px",
              "borderTopColor": "rgba(0,175,255,1.00)",
              "borderTopLeftRadius": "50px",
              "borderTopRightRadius": "50px",
              "borderTopStyle": "solid",
              "borderTopWidth": "0px",
              "boxShadow": "0px 0.75px 1.5px rgba(0,0,0,0.24)",
              "display": "flex",
              "marginBottom": "0px",
              "marginLeft": "0px",
              "marginRight": "0px",
              "marginTop": "0px",
              "minHeight": "44px",
              "minWidth": "64px",
              "msFlexAlign": "stretch",
              "paddingBottom": "0px",
              "paddingLeft": "0px",
              "paddingRight": "0px",
              "paddingTop": "0px",
            }
          }
        >
          <div
            className="css-cursor-18t94o4 css-view-1dbjc4n r-cursor-1loqt21 r-flex-13awgt0 r-overflow-1udh08x r-position-bnwqim r-touchAction-1otgn73"
            data-focusable={true}
            disabled={false}
            onKeyDown={[Function]}
            onKeyPress={[Function]}
            onKeyUp={[Function]}
            onResponderGrant={[Function]}
            onResponderMove={[Function]}
            onResponderRelease={[Function]}
            onResponderTerminate={[Function]}
            onResponderTerminationRequest={[Function]}
            onStartShouldSetResponder={[Function]}
            role="button"
            style={
              Object {
                "WebkitAlignSelf": "stretch",
                "alignSelf": "stretch",
                "borderBottomLeftRadius": "50px",
                "borderBottomRightRadius": "50px",
                "borderTopLeftRadius": "50px",
                "borderTopRightRadius": "50px",
                "msFlexItemAlign": "stretch",
              }
            }
            tabIndex="0"
          >
            <div
              className="css-view-1dbjc4n r-alignItems-1awozwy r-flex-13awgt0 r-flexDirection-18u37iz r-justifyContent-1777fci"
              style={
                Object {
                  "WebkitAlignSelf": "stretch",
                  "alignSelf": "stretch",
                  "msFlexItemAlign": "stretch",
                }
              }
            >
              <div
                className="css-view-1dbjc4n r-marginHorizontal-1ydw1k6 r-marginVertical-712mwr"
              >
                <div
                  className="css-view-1dbjc4n r-alignItems-1awozwy r-flex-13awgt0 r-flexDirection-18u37iz"
                  style={
                    Object {
                      "display": "flex",
                    }
                  }
                >
                  <div
                    className="css-text-901oao r-alignItems-1awozwy r-justifyContent-1777fci"
                    dir="auto"
                    style={
                      Object {
                        "color": "rgba(255,255,255,1.00)",
                        "fontFamily": "Roboto",
                        "fontSize": "16px",
                        "fontWeight": "500",
                        "letterSpacing": "0px",
                        "lineHeight": "22px",
                        "paddingTop": "1px",
                        "textAlign": "center",
                        "textDecoration": "none",
                        "textTransform": "uppercase",
                      }
                    }
                  >
                    TRY AGAIN
                  </div>
                </div>
              </div>
            </div>
          </div>
        </div>
      </div>
    </div>
  </div>
</div>
`;
