// Jest Snapshot v1, https://goo.gl/fbAQLP

exports[`FaceVerification Instructions matches snapshot 1`] = `
<div
  className="css-view-1dbjc4n r-flex-13awgt0 r-pointerEvents-12vffkv"
>
  <div
    className="css-view-1dbjc4n r-position-bnwqim r-width-13qz1uu"
    data-name="viewWrapper"
    style={
      Object {
        "WebkitBoxDirection": "normal",
        "WebkitBoxFlex": 1,
        "WebkitBoxOrient": "vertical",
        "WebkitFlexDirection": "column",
        "WebkitFlexGrow": 1,
        "backgroundImage": "linear-gradient(3.141592653589793rad,#00AFFF,#2DC0F7,#28C0EF,#23C0E7,#1EC1DF,#19C1D7,#14C1CF,#0FC2C7,#0FC2C7,#0AC2BF,#05C2B7,#00C3AF)",
        "display": "flex",
        "flexDirection": "column",
        "flexGrow": 1,
        "maxHeight": "844px",
        "msFlexDirection": "column",
        "msFlexPositive": 1,
        "paddingBottom": "8px",
        "paddingLeft": "8px",
        "paddingRight": "8px",
        "paddingTop": "8px",
      }
    }
  >
    <div
      className="css-view-1dbjc4n r-alignItems-1awozwy r-justifyContent-1777fci"
      style={
        Object {
          "WebkitBoxDirection": "normal",
          "WebkitBoxFlex": 1,
          "WebkitBoxOrient": "vertical",
          "WebkitFlexDirection": "column",
          "WebkitFlexGrow": 1,
          "WebkitFlexShrink": 0,
          "backgroundColor": "rgba(255,255,255,1.00)",
          "borderBottomLeftRadius": "5px",
          "borderBottomRightRadius": "5px",
          "borderTopLeftRadius": "5px",
          "borderTopRightRadius": "5px",
          "display": "flex",
          "flexDirection": "column",
          "flexGrow": 1,
          "flexShrink": 0,
          "msFlexDirection": "column",
          "msFlexNegative": 0,
          "msFlexPositive": 1,
          "paddingBottom": "16px",
          "paddingLeft": "8px",
          "paddingRight": "8px",
          "paddingTop": "16px",
        }
      }
    >
      <div
        className="css-view-1dbjc4n r-width-13qz1uu"
        style={
          Object {
            "WebkitBoxFlex": 1,
            "WebkitBoxPack": "justify",
            "WebkitFlexGrow": 1,
            "WebkitJustifyContent": "space-between",
            "flexGrow": 1,
            "justifyContent": "space-between",
            "msFlexPack": "justify",
            "msFlexPositive": 1,
          }
        }
      >
        <div
          className="css-view-1dbjc4n r-flexBasis-1mlwlqe r-overflow-1udh08x r-width-13qz1uu r-zIndex-417010"
          style={
            Object {
              "height": "316.67532467532465px",
              "marginTop": "18px",
            }
          }
        >
          <div
            className="css-view-1dbjc4n r-backgroundColor-1niwhzg r-backgroundPosition-vvn4in r-backgroundRepeat-u6sd8q r-backgroundSize-ehq7j7 r-bottom-1p0dtai r-height-1pi2tsx r-left-1d2f490 r-position-u8s1d r-right-zchlnj r-top-ipm5af r-width-13qz1uu r-zIndex-1wyyakw"
            style={
              Object {
                "backgroundImage": "url(\\"FRInstructions.png\\")",
              }
            }
          />
          <img
            alt=""
            className="css-accessibilityImage-9pa8cd"
            draggable={false}
            src="FRInstructions.png"
          />
        </div>
        <div
          className="css-view-1dbjc4n r-alignItems-1awozwy"
          style={
            Object {
              "paddingBottom": "16px",
              "paddingLeft": "4px",
              "paddingRight": "4px",
              "paddingTop": "16px",
            }
          }
        >
          <div
            className="css-view-1dbjc4n"
            style={
              Object {
                "WebkitAlignItems": "flex-start",
                "WebkitBoxAlign": "start",
                "WebkitBoxDirection": "normal",
                "WebkitBoxOrient": "vertical",
                "WebkitFlexDirection": "column",
                "alignItems": "flex-start",
                "flexDirection": "column",
                "msFlexAlign": "start",
                "msFlexDirection": "column",
              }
            }
          >
            <div
              className="css-text-901oao"
              dir="auto"
              style={
                Object {
                  "color": "rgba(66,69,74,1.00)",
                  "fontFamily": "Roboto",
                  "fontSize": "20px",
                  "fontWeight": "normal",
                  "lineHeight": "34px",
                  "textAlign": "left",
                  "textDecoration": "none",
                  "textTransform": "none",
                }
              }
            >
              <span
                className="css-text-901oao css-textHasAncestor-16my406"
                dir="auto"
                style={
                  Object {
                    "color": "rgba(0,175,255,1.00)",
                    "fontFamily": "Roboto",
                    "fontSize": "20px",
                    "fontWeight": "700",
                    "lineHeight": "34px",
                    "textAlign": "center",
                    "textDecoration": "none",
                    "textTransform": "none",
                  }
                }
              >
                •
                 
              </span>
              Hold Your Camera at Eye Level
            </div>
            <div
              className="css-text-901oao"
              dir="auto"
              style={
                Object {
                  "color": "rgba(66,69,74,1.00)",
                  "fontFamily": "Roboto",
                  "fontSize": "20px",
                  "fontWeight": "normal",
                  "lineHeight": "34px",
                  "textAlign": "left",
                  "textDecoration": "none",
                  "textTransform": "none",
                }
              }
            >
              <span
                className="css-text-901oao css-textHasAncestor-16my406"
                dir="auto"
                style={
                  Object {
                    "color": "rgba(0,175,255,1.00)",
                    "fontFamily": "Roboto",
                    "fontSize": "20px",
                    "fontWeight": "700",
                    "lineHeight": "34px",
                    "textAlign": "center",
                    "textDecoration": "none",
                    "textTransform": "none",
                  }
                }
              >
                •
                 
              </span>
              Light Your Face Evenly
            </div>
            <div
              className="css-text-901oao"
              dir="auto"
              style={
                Object {
                  "color": "rgba(66,69,74,1.00)",
                  "fontFamily": "Roboto",
                  "fontSize": "20px",
                  "fontWeight": "normal",
                  "lineHeight": "34px",
                  "textAlign": "left",
                  "textDecoration": "none",
                  "textTransform": "none",
                }
              }
            >
              <span
                className="css-text-901oao css-textHasAncestor-16my406"
                dir="auto"
                style={
                  Object {
                    "color": "rgba(0,175,255,1.00)",
                    "fontFamily": "Roboto",
                    "fontSize": "20px",
                    "fontWeight": "700",
                    "lineHeight": "34px",
                    "textAlign": "center",
                    "textDecoration": "none",
                    "textTransform": "none",
                  }
                }
              >
                •
                 
              </span>
              Avoid Smiling & Back Light
            </div>
          </div>
        </div>
        <div
          className="css-view-1dbjc4n r-justifyContent-1777fci r-width-13qz1uu"
          data-testid="dismiss_button"
          style={
            Object {
              "WebkitAlignItems": "stretch",
              "WebkitBoxAlign": "stretch",
              "alignItems": "stretch",
              "backgroundColor": "rgba(0,175,255,1.00)",
              "borderBottomColor": "rgba(0,175,255,1.00)",
              "borderBottomLeftRadius": "50px",
              "borderBottomRightRadius": "50px",
              "borderBottomStyle": "solid",
              "borderBottomWidth": "0px",
              "borderLeftColor": "rgba(0,175,255,1.00)",
              "borderLeftStyle": "solid",
              "borderLeftWidth": "0px",
              "borderRightColor": "rgba(0,175,255,1.00)",
              "borderRightStyle": "solid",
              "borderRightWidth": "0px",
              "borderTopColor": "rgba(0,175,255,1.00)",
              "borderTopLeftRadius": "50px",
              "borderTopRightRadius": "50px",
              "borderTopStyle": "solid",
              "borderTopWidth": "0px",
              "boxShadow": "0px 0.75px 1.5px rgba(0,0,0,0.24)",
              "display": "flex",
              "marginBottom": "0px",
              "marginLeft": "0px",
              "marginRight": "0px",
              "marginTop": "0px",
              "minHeight": "44px",
              "minWidth": "64px",
              "msFlexAlign": "stretch",
              "paddingBottom": "0px",
              "paddingLeft": "0px",
              "paddingRight": "0px",
              "paddingTop": "0px",
            }
          }
        >
          <div
            className="css-cursor-18t94o4 css-view-1dbjc4n r-cursor-1loqt21 r-flex-13awgt0 r-overflow-1udh08x r-position-bnwqim r-touchAction-1otgn73"
            data-focusable={true}
            disabled={false}
            onKeyDown={[Function]}
            onKeyPress={[Function]}
            onKeyUp={[Function]}
            onResponderGrant={[Function]}
            onResponderMove={[Function]}
            onResponderRelease={[Function]}
            onResponderTerminate={[Function]}
            onResponderTerminationRequest={[Function]}
            onStartShouldSetResponder={[Function]}
            role="button"
            style={
              Object {
                "WebkitAlignSelf": "stretch",
                "alignSelf": "stretch",
                "borderBottomLeftRadius": "50px",
                "borderBottomRightRadius": "50px",
                "borderTopLeftRadius": "50px",
                "borderTopRightRadius": "50px",
                "msFlexItemAlign": "stretch",
              }
            }
            tabIndex="0"
          >
            <div
              className="css-view-1dbjc4n r-alignItems-1awozwy r-flex-13awgt0 r-flexDirection-18u37iz r-justifyContent-1777fci"
              style={
                Object {
                  "WebkitAlignSelf": "stretch",
                  "alignSelf": "stretch",
                  "msFlexItemAlign": "stretch",
                }
              }
            >
              <div
                className="css-view-1dbjc4n r-marginHorizontal-1ydw1k6 r-marginVertical-712mwr"
              >
                <div
                  className="css-view-1dbjc4n r-alignItems-1awozwy r-flex-13awgt0 r-flexDirection-18u37iz"
                  style={
                    Object {
                      "display": "flex",
                    }
                  }
                >
                  <div
                    className="css-text-901oao r-alignItems-1awozwy r-justifyContent-1777fci"
                    dir="auto"
                    style={
                      Object {
                        "color": "rgba(255,255,255,1.00)",
                        "fontFamily": "Roboto",
                        "fontSize": "16px",
                        "fontWeight": "500",
                        "letterSpacing": "0px",
                        "lineHeight": "22px",
                        "paddingTop": "1px",
                        "textAlign": "center",
                        "textDecoration": "none",
                        "textTransform": "uppercase",
                      }
                    }
                  >
                    GOT IT
                  </div>
                </div>
              </div>
            </div>
          </div>
        </div>
      </div>
    </div>
  </div>
</div>
`;
