// Jest Snapshot v1, https://goo.gl/fbAQLP

exports[`SigninInfo matches snapshot 1`] = `
<div
  className="css-view-1dbjc4n r-flex-13awgt0 r-pointerEvents-12vffkv"
>
  <div
    className=""
    style={
      Object {
        "bottom": 0,
        "display": "flex",
        "flexDirection": "column",
        "flexGrow": 1,
        "left": 0,
        "position": "absolute",
        "right": 0,
        "top": 0,
      }
    }
  >
    <div
      className="css-view-1dbjc4n r-alignItems-1awozwy"
      style={
        Object {
          "WebkitBoxDirection": "normal",
          "WebkitBoxFlex": 0,
          "WebkitBoxOrient": "horizontal",
          "WebkitFlexDirection": "row",
          "WebkitFlexGrow": 0,
          "WebkitFlexShrink": 0,
          "backgroundColor": "rgba(0,175,255,1.00)",
          "boxShadow": "none",
          "flexDirection": "row",
          "flexGrow": 0,
          "flexShrink": 0,
          "height": "56px",
          "msFlexDirection": "row",
          "msFlexNegative": 0,
          "msFlexPositive": 0,
          "paddingLeft": "4px",
          "paddingRight": "4px",
        }
      }
    >
      <div
        className="css-text-901oao r-cursor-1loqt21"
        data-focusable={true}
        dir="auto"
        onClick={[Function]}
        onKeyDown={[Function]}
        style={
          Object {
            "color": "rgba(255,255,255,1.00)",
            "fontFamily": "gooddollar",
            "fontSize": "22px",
            "fontStyle": "normal",
            "fontWeight": "normal",
            "marginLeft": "15px",
            "width": "33px",
          }
        }
        tabIndex="0"
      >
        î ‚
      </div>
      <div
        className="css-view-1dbjc4n r-cursor-1loqt21 r-flex-13awgt0 r-paddingHorizontal-1e081e0 r-touchAction-1otgn73"
        data-focusable={true}
        onKeyDown={[Function]}
        onKeyUp={[Function]}
        onResponderGrant={[Function]}
        onResponderMove={[Function]}
        onResponderRelease={[Function]}
        onResponderTerminate={[Function]}
        onResponderTerminationRequest={[Function]}
        onStartShouldSetResponder={[Function]}
        style={
          Object {
            "marginLeft": "8px",
          }
        }
        tabIndex="0"
      >
        <h1
          className="css-reset-4rbku5 css-text-901oao css-textOneLine-bfa6kz"
          dir="auto"
          role="heading"
          style={
            Object {
              "color": "rgba(255,255,255,1.00)",
              "fontFamily": "Roboto, \\"Helvetica Neue\\", Helvetica, Arial, sans-serif",
              "fontSize": "16px",
              "fontWeight": "500",
              "textAlign": "center",
              "textTransform": "uppercase",
            }
          }
        >
          Sign in
        </h1>
      </div>
      <div
        aria-disabled={true}
        className="css-view-1dbjc4n r-alignItems-1awozwy r-justifyContent-1777fci r-margin-5scogr r-overflow-1udh08x r-position-bnwqim"
        disabled={true}
        onKeyDown={[Function]}
        onKeyUp={[Function]}
        onResponderGrant={[Function]}
        onResponderMove={[Function]}
        onResponderTerminate={[Function]}
        onResponderTerminationRequest={[Function]}
        onStartShouldSetResponder={[Function]}
        role="button"
        style={
          Object {
            "borderBottomLeftRadius": "18px",
            "borderBottomRightRadius": "18px",
            "borderTopLeftRadius": "18px",
            "borderTopRightRadius": "18px",
            "height": "36px",
            "width": "36px",
          }
        }
      >
        <span
          className="css-hitSlop-mjp8i1"
          style={
            Object {
              "bottom": "-10px",
              "left": "-10px",
              "right": "-10px",
              "top": "-10px",
            }
          }
        />
        <div
          className="css-view-1dbjc4n"
        >
          <div
            className="css-view-1dbjc4n r-alignItems-1awozwy r-justifyContent-1777fci"
            style={
              Object {
                "height": "24px",
                "width": "24px",
              }
            }
          >
            <div
              className="css-view-1dbjc4n"
              style={
                Object {
                  "WebkitTransform": "rotate(0deg)",
                  "bottom": "0px",
                  "left": "0px",
                  "opacity": 1,
                  "position": "absolute",
                  "right": "0px",
                  "top": "0px",
                  "transform": "rotate(0deg)",
                }
              }
            />
          </div>
        </div>
      </div>
    </div>
    <div
      className="css-view-1dbjc4n r-WebkitOverflowScrolling-150rngu r-display-6koalj r-flexDirection-eqz5dr r-flexGrow-16y2uox r-flexShrink-1wbh5a2 r-overflowX-11yh6sk r-overflowY-1rnoaur r-transform-1sncvnh"
      onResponderGrant={[Function]}
      onResponderReject={[Function]}
      onResponderRelease={[Function]}
      onResponderTerminationRequest={[Function]}
      onScroll={[Function]}
      onScrollShouldSetResponder={[Function]}
      onStartShouldSetResponder={[Function]}
      onStartShouldSetResponderCapture={[Function]}
      onTouchEnd={[Function]}
      onTouchMove={[Function]}
      onTouchStart={[Function]}
      onWheel={[Function]}
    >
      <div
        className="css-view-1dbjc4n r-display-6koalj r-flexGrow-16y2uox r-height-1pi2tsx"
      >
        <div
          className="css-view-1dbjc4n r-flexDirection-eqz5dr r-flexGrow-16y2uox"
          style={
            Object {
              "WebkitAlignItems": "stretch",
              "WebkitBoxAlign": "stretch",
              "WebkitBoxPack": "start",
              "WebkitJustifyContent": "flex-start",
              "alignItems": "stretch",
              "justifyContent": "flex-start",
              "msFlexAlign": "stretch",
              "msFlexPack": "start",
            }
          }
        >
          <div
            className="css-view-1dbjc4n r-display-6koalj r-flexDirection-eqz5dr r-flexGrow-16y2uox r-position-bnwqim"
            data-name="viewWrapper"
            style={
              Object {
                "WebkitBoxPack": "space-evenly",
                "WebkitJustifyContent": "space-evenly",
                "backgroundColor": "rgba(255,255,255,1.00)",
                "justifyContent": "space-evenly",
                "marginBottom": "15px",
                "maxHeight": "75%",
                "msFlexPack": "space-evenly",
                "paddingBottom": "8px",
                "paddingLeft": "0px",
                "paddingRight": "0px",
                "paddingTop": "35px",
                "width": "100%",
              }
            }
          >
            <div
              className="css-view-1dbjc4n r-flexGrow-16y2uox r-justifyContent-1777fci"
              style={
                Object {
                  "WebkitFlexShrink": 0,
                  "flexShrink": 0,
                  "marginBottom": "30px",
                  "marginTop": "30px",
                  "maxHeight": "177.03896103896102px",
                  "maxWidth": "100%",
                  "minHeight": "118.44155844155844px",
                  "msFlexNegative": 0,
                  "width": "100%",
                }
              }
            >
              <illustration.svg />
            </div>
            <div
              className="css-view-1dbjc4n r-alignItems-1awozwy r-flex-13awgt0 r-justifyContent-1777fci"
              style={
                Object {
                  "WebkitBoxDirection": "normal",
                  "WebkitBoxOrient": "horizontal",
                  "WebkitFlexDirection": "row",
                  "flexDirection": "row",
                  "msFlexDirection": "row",
                }
              }
            >
              <div
                className="css-view-1dbjc4n"
              >
                <div
                  className="css-view-1dbjc4n r-flexDirection-eqz5dr"
                  style={
                    Object {
                      "WebkitAlignItems": "stretch",
                      "WebkitBoxAlign": "stretch",
                      "WebkitBoxPack": "justify",
                      "WebkitJustifyContent": "space-between",
                      "alignItems": "stretch",
                      "justifyContent": "space-between",
                      "msFlexAlign": "stretch",
                      "msFlexPack": "justify",
                    }
                  }
                >
                  <div
                    className="css-view-1dbjc4n r-alignItems-1awozwy r-display-6koalj"
                    style={
                      Object {
                        "WebkitBoxDirection": "normal",
                        "WebkitBoxOrient": "horizontal",
                        "WebkitFlexDirection": "row",
                        "flexDirection": "row",
                        "msFlexDirection": "row",
                      }
                    }
                  >
                    <div
                      className="css-view-1dbjc4n r-alignItems-1awozwy r-display-6koalj r-justifyContent-1777fci"
                      style={
                        Object {
                          "backgroundColor": "rgba(0,175,255,1.00)",
                          "borderBottomLeftRadius": "50%",
                          "borderBottomRightRadius": "50%",
                          "borderTopLeftRadius": "50%",
                          "borderTopRightRadius": "50%",
                          "boxShadow": "6px 1px 0 rgba(12, 38, 61, 0.15)",
                          "height": "43px",
                          "marginTop": "8px",
                          "width": "43px",
                          "zIndex": 10,
                        }
                      }
                    >
                      <div
                        className="css-text-901oao r-fontSize-adyw6z"
                        dir="auto"
                        style={
                          Object {
                            "color": "rgba(255,255,255,1.00)",
                            "display": "block",
                            "fontFamily": "Roboto Slab",
                            "fontWeight": "700",
                            "lineHeight": "24px",
                            "textAlign": "center",
                            "textDecoration": "none",
                            "textTransform": "none",
                            "zIndex": 9999999,
                          }
                        }
                      >
                        1
                      </div>
                    </div>
                    <div
                      className="css-view-1dbjc4n r-alignItems-1awozwy"
                      style={
                        Object {
                          "WebkitBoxPack": "start",
                          "WebkitJustifyContent": "flex-start",
                          "justifyContent": "flex-start",
                          "msFlexPack": "start",
                          "paddingLeft": "13px",
                        }
                      }
                    >
                      <div
                        className="css-text-901oao"
                        dir="auto"
                        style={
                          Object {
                            "color": "rgba(66,69,74,1.00)",
                            "fontFamily": "Roboto",
                            "fontSize": "18px",
                            "fontWeight": "normal",
                            "lineHeight": "24px",
                            "textAlign": "center",
                            "textDecoration": "none",
                            "textTransform": "none",
                          }
                        }
                      >
                        Go to your 
                        <span
                          className="css-text-901oao css-textHasAncestor-16my406"
                          dir="auto"
                          style={
                            Object {
                              "color": "rgba(66,69,74,1.00)",
                              "fontFamily": "Roboto",
                              "fontSize": "18px",
                              "fontWeight": "700",
                              "lineHeight": "24px",
                              "textAlign": "center",
                              "textDecoration": "none",
                              "textTransform": "none",
                            }
                          }
                        >
                          email
                        </span>
                      </div>
                    </div>
                  </div>
                  <div
                    className="css-view-1dbjc4n r-alignItems-1awozwy r-display-6koalj"
                    style={
                      Object {
                        "WebkitBoxDirection": "normal",
                        "WebkitBoxOrient": "horizontal",
                        "WebkitFlexDirection": "row",
                        "flexDirection": "row",
                        "msFlexDirection": "row",
                      }
                    }
                  >
                    <div
                      className="css-view-1dbjc4n r-alignItems-1awozwy r-display-6koalj r-justifyContent-1777fci"
                      style={
                        Object {
                          "backgroundColor": "rgba(0,175,255,1.00)",
                          "borderBottomLeftRadius": "50%",
                          "borderBottomRightRadius": "50%",
                          "borderTopLeftRadius": "50%",
                          "borderTopRightRadius": "50%",
                          "boxShadow": "6px 1px 0 rgba(12, 38, 61, 0.15)",
                          "height": "43px",
                          "marginTop": "8px",
                          "width": "43px",
                          "zIndex": 10,
                        }
                      }
                    >
                      <div
                        className="css-text-901oao r-fontSize-adyw6z"
                        dir="auto"
                        style={
                          Object {
                            "color": "rgba(255,255,255,1.00)",
                            "display": "block",
                            "fontFamily": "Roboto Slab",
                            "fontWeight": "700",
                            "lineHeight": "24px",
                            "textAlign": "center",
                            "textDecoration": "none",
                            "textTransform": "none",
                            "zIndex": 9999999,
                          }
                        }
                      >
                        2
                      </div>
                    </div>
                    <div
                      className="css-view-1dbjc4n r-alignItems-1awozwy"
                      style={
                        Object {
                          "WebkitBoxPack": "start",
                          "WebkitJustifyContent": "flex-start",
                          "justifyContent": "flex-start",
                          "msFlexPack": "start",
                          "paddingLeft": "13px",
                        }
                      }
                    >
                      <div
                        className="css-text-901oao"
                        dir="auto"
                        style={
                          Object {
                            "color": "rgba(66,69,74,1.00)",
                            "fontFamily": "Roboto",
                            "fontSize": "18px",
                            "fontWeight": "normal",
                            "lineHeight": "24px",
                            "textAlign": "center",
                            "textDecoration": "none",
                            "textTransform": "none",
                          }
                        }
                      >
                        Find
                         
                        <span
                          className="css-text-901oao css-textHasAncestor-16my406"
                          dir="auto"
                          style={
                            Object {
                              "color": "rgba(66,69,74,1.00)",
                              "fontFamily": "Roboto",
                              "fontSize": "18px",
                              "fontWeight": "700",
                              "lineHeight": "24px",
                              "textAlign": "center",
                              "textDecoration": "none",
                              "textTransform": "none",
                            }
                          }
                        >
                          GoodDollar Magic Link
                        </span>
                      </div>
                    </div>
                  </div>
                  <div
                    className="css-view-1dbjc4n r-alignItems-1awozwy r-display-6koalj"
                    style={
                      Object {
                        "WebkitBoxDirection": "normal",
                        "WebkitBoxOrient": "horizontal",
                        "WebkitFlexDirection": "row",
                        "flexDirection": "row",
                        "msFlexDirection": "row",
                      }
                    }
                  >
                    <div
                      className="css-view-1dbjc4n r-alignItems-1awozwy r-display-6koalj r-justifyContent-1777fci"
                      style={
                        Object {
                          "backgroundColor": "rgba(0,175,255,1.00)",
                          "borderBottomLeftRadius": "50%",
                          "borderBottomRightRadius": "50%",
                          "borderTopLeftRadius": "50%",
                          "borderTopRightRadius": "50%",
                          "boxShadow": "6px 1px 0 rgba(12, 38, 61, 0.15)",
                          "height": "43px",
                          "marginTop": "8px",
                          "width": "43px",
                          "zIndex": 10,
                        }
                      }
                    >
                      <div
                        className="css-text-901oao r-fontSize-adyw6z"
                        dir="auto"
                        style={
                          Object {
                            "color": "rgba(255,255,255,1.00)",
                            "display": "block",
                            "fontFamily": "Roboto Slab",
                            "fontWeight": "700",
                            "lineHeight": "24px",
                            "textAlign": "center",
                            "textDecoration": "none",
                            "textTransform": "none",
                            "zIndex": 9999999,
                          }
                        }
                      >
                        3
                      </div>
                    </div>
                    <div
                      className="css-view-1dbjc4n r-alignItems-1awozwy"
                      style={
                        Object {
                          "WebkitBoxPack": "start",
                          "WebkitJustifyContent": "flex-start",
                          "justifyContent": "flex-start",
                          "msFlexPack": "start",
                          "paddingLeft": "13px",
                        }
                      }
                    >
                      <div
                        className="css-text-901oao"
                        dir="auto"
                        style={
                          Object {
                            "color": "rgba(66,69,74,1.00)",
                            "fontFamily": "Roboto",
                            "fontSize": "18px",
                            "fontWeight": "normal",
                            "lineHeight": "24px",
                            "textAlign": "center",
                            "textDecoration": "none",
                            "textTransform": "none",
                          }
                        }
                      >
                        Click the 
                        <span
                          className="css-text-901oao css-textHasAncestor-16my406"
                          dir="auto"
                          style={
                            Object {
                              "color": "rgba(66,69,74,1.00)",
                              "fontFamily": "Roboto",
                              "fontSize": "18px",
                              "fontWeight": "700",
                              "lineHeight": "24px",
                              "textAlign": "center",
                              "textDecoration": "none",
                              "textTransform": "none",
                            }
                          }
                        >
                          Magic Link Button
                        </span>
                      </div>
                      <div
                        className="css-text-901oao"
                        dir="auto"
                        letterSpacing={0.14}
                        style={
                          Object {
                            "bottom": "-13px",
                            "color": "rgba(163,163,163,1.00)",
                            "fontFamily": "Roboto",
                            "fontSize": "14px",
                            "fontWeight": "normal",
                            "letterSpacing": "0.14px",
                            "lineHeight": "16px",
                            "position": "absolute",
                            "textAlign": "center",
                            "textDecoration": "none",
                            "textTransform": "none",
                          }
                        }
                      >
                        
* works from any device
                      </div>
                    </div>
                  </div>
                </div>
              </div>
            </div>
          </div>
          <div
            className="css-view-1dbjc4n r-alignItems-1awozwy r-justifyContent-1777fci"
            style={
              Object {
                "WebkitBoxDirection": "normal",
                "WebkitBoxOrient": "horizontal",
                "WebkitFlexDirection": "row",
                "flexDirection": "row",
                "msFlexDirection": "row",
              }
            }
          >
            <div
              className="css-view-1dbjc4n"
              style={
                Object {
                  "WebkitAlignItems": "stretch",
                  "WebkitBoxAlign": "stretch",
                  "WebkitBoxPack": "center",
                  "WebkitJustifyContent": "center",
                  "alignItems": "stretch",
                  "backgroundColor": "rgba(0,0,0,0.00)",
                  "borderBottomColor": "rgba(0,175,255,1.00)",
                  "borderBottomLeftRadius": "50px",
                  "borderBottomRightRadius": "50px",
                  "borderBottomStyle": "solid",
                  "borderBottomWidth": "0px",
                  "borderLeftColor": "rgba(0,175,255,1.00)",
                  "borderLeftStyle": "solid",
                  "borderLeftWidth": "0px",
                  "borderRightColor": "rgba(0,175,255,1.00)",
                  "borderRightStyle": "solid",
                  "borderRightWidth": "0px",
                  "borderTopColor": "rgba(0,175,255,1.00)",
                  "borderTopLeftRadius": "50px",
                  "borderTopRightRadius": "50px",
                  "borderTopStyle": "solid",
                  "borderTopWidth": "0px",
                  "display": "flex",
                  "justifyContent": "center",
                  "marginBottom": "0px",
                  "marginLeft": "0px",
                  "marginRight": "0px",
                  "marginTop": "0px",
                  "minHeight": "44px",
                  "minWidth": "64px",
                  "msFlexAlign": "stretch",
                  "msFlexPack": "center",
                  "paddingBottom": "0px",
                  "paddingLeft": "0px",
                  "paddingRight": "0px",
                  "paddingTop": "0px",
                }
              }
            >
              <div
                className="css-cursor-18t94o4 css-view-1dbjc4n"
                data-focusable={true}
                disabled={false}
                onKeyDown={[Function]}
                onKeyPress={[Function]}
                onKeyUp={[Function]}
                onResponderGrant={[Function]}
                onResponderMove={[Function]}
                onResponderRelease={[Function]}
                onResponderTerminate={[Function]}
                onResponderTerminationRequest={[Function]}
                onStartShouldSetResponder={[Function]}
                role="button"
                style={
                  Object {
                    "borderBottomLeftRadius": "50px",
                    "borderBottomRightRadius": "50px",
                    "borderTopLeftRadius": "50px",
                    "borderTopRightRadius": "50px",
                    "cursor": "pointer",
                    "msTouchAction": "manipulation",
                    "overflowX": "hidden",
                    "overflowY": "hidden",
                    "position": "relative",
                    "touchAction": "manipulation",
                  }
                }
                tabIndex="0"
              >
                <div
                  className="css-view-1dbjc4n"
                  style={
                    Object {
                      "WebkitAlignItems": "center",
                      "WebkitBoxAlign": "center",
                      "WebkitBoxDirection": "normal",
                      "WebkitBoxOrient": "horizontal",
                      "WebkitBoxPack": "center",
                      "WebkitFlexDirection": "row",
                      "WebkitJustifyContent": "center",
                      "alignItems": "center",
                      "flexDirection": "row",
                      "justifyContent": "center",
                      "msFlexAlign": "center",
                      "msFlexDirection": "row",
                      "msFlexPack": "center",
                    }
                  }
                >
                  <div
                    className="css-text-901oao css-textOneLine-bfa6kz"
                    dir="auto"
                    style={
                      Object {
                        "color": "rgba(0,175,255,1.00)",
                        "direction": "ltr",
                        "fontFamily": "Roboto-Medium, Roboto, \\"Helvetica Neue\\", Helvetica, Arial, sans-serif",
                        "letterSpacing": "1px",
                        "marginBottom": "9px",
                        "marginLeft": "16px",
                        "marginRight": "16px",
                        "marginTop": "9px",
                        "textAlign": "center",
                      }
                    }
                  >
                    <div
                      className="css-view-1dbjc4n"
                      style={
                        Object {
                          "WebkitAlignItems": "center",
                          "WebkitBoxAlign": "center",
                          "WebkitBoxDirection": "normal",
                          "WebkitBoxFlex": 1,
                          "WebkitBoxOrient": "horizontal",
                          "WebkitFlexBasis": "0%",
                          "WebkitFlexDirection": "row",
                          "WebkitFlexGrow": 1,
                          "WebkitFlexShrink": 1,
                          "alignItems": "center",
                          "display": "flex",
                          "flexBasis": "0%",
                          "flexDirection": "row",
                          "flexGrow": 1,
                          "flexShrink": 1,
                          "msFlexAlign": "center",
                          "msFlexDirection": "row",
                          "msFlexNegative": 1,
                          "msFlexPositive": 1,
                          "msFlexPreferredSize": "0%",
                        }
                      }
                    >
                      <span
                        className="css-text-901oao css-textHasAncestor-16my406"
                        dir="auto"
                        style={
                          Object {
                            "WebkitAlignItems": "center",
                            "WebkitBoxAlign": "center",
                            "WebkitBoxPack": "center",
                            "WebkitJustifyContent": "center",
                            "alignItems": "center",
                            "color": "rgba(0,175,255,1.00)",
                            "direction": "ltr",
                            "fontFamily": "Roboto",
                            "fontSize": "14px",
                            "fontWeight": 500,
                            "justifyContent": "center",
                            "letterSpacing": "0px",
                            "lineHeight": "22px",
                            "msFlexAlign": "center",
                            "msFlexPack": "center",
                            "paddingTop": "1px",
                            "textAlign": "center",
                            "textDecoration": "underline",
                            "textTransform": "none",
                          }
                        }
                      >
                        Or, recover from pass phrase
                      </span>
                    </div>
                  </div>
                </div>
              </div>
            </div>
          </div>
          <div
            className="css-view-1dbjc4n r-alignItems-1awozwy r-justifyContent-1777fci"
            style={
              Object {
                "WebkitBoxDirection": "normal",
                "WebkitBoxOrient": "horizontal",
                "WebkitFlexDirection": "row",
                "flexDirection": "row",
                "msFlexDirection": "row",
              }
            }
          >
            <div
              className="css-view-1dbjc4n"
              style={
                Object {
                  "WebkitAlignItems": "stretch",
                  "WebkitBoxAlign": "stretch",
                  "WebkitBoxPack": "center",
                  "WebkitJustifyContent": "center",
                  "alignItems": "stretch",
                  "backgroundColor": "rgba(0,0,0,0.00)",
                  "borderBottomColor": "rgba(0,175,255,1.00)",
                  "borderBottomLeftRadius": "50px",
                  "borderBottomRightRadius": "50px",
                  "borderBottomStyle": "solid",
                  "borderBottomWidth": "0px",
                  "borderLeftColor": "rgba(0,175,255,1.00)",
                  "borderLeftStyle": "solid",
                  "borderLeftWidth": "0px",
                  "borderRightColor": "rgba(0,175,255,1.00)",
                  "borderRightStyle": "solid",
                  "borderRightWidth": "0px",
                  "borderTopColor": "rgba(0,175,255,1.00)",
                  "borderTopLeftRadius": "50px",
                  "borderTopRightRadius": "50px",
                  "borderTopStyle": "solid",
                  "borderTopWidth": "0px",
                  "display": "flex",
                  "justifyContent": "center",
                  "marginBottom": "30px",
                  "marginLeft": "0px",
                  "marginRight": "0px",
                  "marginTop": "0px",
                  "minHeight": "44px",
                  "minWidth": "64px",
                  "msFlexAlign": "stretch",
                  "msFlexPack": "center",
                  "paddingBottom": "0px",
                  "paddingLeft": "0px",
                  "paddingRight": "0px",
                  "paddingTop": "0px",
                }
              }
            >
              <div
                className="css-cursor-18t94o4 css-view-1dbjc4n"
                data-focusable={true}
                disabled={false}
                onKeyDown={[Function]}
                onKeyPress={[Function]}
                onKeyUp={[Function]}
                onResponderGrant={[Function]}
                onResponderMove={[Function]}
                onResponderRelease={[Function]}
                onResponderTerminate={[Function]}
                onResponderTerminationRequest={[Function]}
                onStartShouldSetResponder={[Function]}
                role="button"
                style={
                  Object {
                    "borderBottomLeftRadius": "50px",
                    "borderBottomRightRadius": "50px",
                    "borderTopLeftRadius": "50px",
                    "borderTopRightRadius": "50px",
                    "cursor": "pointer",
                    "msTouchAction": "manipulation",
                    "overflowX": "hidden",
                    "overflowY": "hidden",
                    "position": "relative",
                    "touchAction": "manipulation",
                  }
                }
                tabIndex="0"
              >
                <div
                  className="css-view-1dbjc4n"
                  style={
                    Object {
                      "WebkitAlignItems": "center",
                      "WebkitBoxAlign": "center",
                      "WebkitBoxDirection": "normal",
                      "WebkitBoxOrient": "horizontal",
                      "WebkitBoxPack": "center",
                      "WebkitFlexDirection": "row",
                      "WebkitJustifyContent": "center",
                      "alignItems": "center",
                      "flexDirection": "row",
                      "justifyContent": "center",
                      "msFlexAlign": "center",
                      "msFlexDirection": "row",
                      "msFlexPack": "center",
                    }
                  }
                >
                  <div
                    className="css-text-901oao css-textOneLine-bfa6kz"
                    dir="auto"
                    style={
                      Object {
                        "color": "rgba(0,175,255,1.00)",
                        "direction": "ltr",
                        "fontFamily": "Roboto-Medium, Roboto, \\"Helvetica Neue\\", Helvetica, Arial, sans-serif",
                        "letterSpacing": "1px",
                        "marginBottom": "9px",
                        "marginLeft": "16px",
                        "marginRight": "16px",
                        "marginTop": "9px",
                        "textAlign": "center",
                      }
                    }
                  >
                    <div
                      className="css-view-1dbjc4n"
                      style={
                        Object {
                          "WebkitAlignItems": "center",
                          "WebkitBoxAlign": "center",
                          "WebkitBoxDirection": "normal",
                          "WebkitBoxFlex": 1,
                          "WebkitBoxOrient": "horizontal",
                          "WebkitFlexBasis": "0%",
                          "WebkitFlexDirection": "row",
                          "WebkitFlexGrow": 1,
                          "WebkitFlexShrink": 1,
                          "alignItems": "center",
                          "display": "flex",
                          "flexBasis": "0%",
                          "flexDirection": "row",
                          "flexGrow": 1,
                          "flexShrink": 1,
                          "msFlexAlign": "center",
                          "msFlexDirection": "row",
                          "msFlexNegative": 1,
                          "msFlexPositive": 1,
                          "msFlexPreferredSize": "0%",
                        }
                      }
                    >
                      <span
                        className="css-text-901oao css-textHasAncestor-16my406"
                        dir="auto"
                        style={
                          Object {
                            "WebkitAlignItems": "center",
                            "WebkitBoxAlign": "center",
                            "WebkitBoxPack": "center",
                            "WebkitJustifyContent": "center",
                            "alignItems": "center",
                            "color": "rgba(0,175,255,1.00)",
                            "direction": "ltr",
                            "fontFamily": "Roboto",
                            "fontSize": "14px",
                            "fontWeight": 500,
                            "justifyContent": "center",
                            "letterSpacing": "0px",
                            "lineHeight": "22px",
                            "msFlexAlign": "center",
                            "msFlexPack": "center",
                            "paddingTop": "1px",
                            "textAlign": "center",
                            "textDecoration": "underline",
                            "textTransform": "none",
                          }
                        }
                      >
                        Still having issues? contact support
                      </span>
                    </div>
                  </div>
                </div>
              </div>
            </div>
          </div>
        </div>
      </div>
    </div>
  </div>
</div>
`;
