// Jest Snapshot v1, https://goo.gl/fbAQLP

exports[`Auth matches snapshot 1`] = `
<div
  className="css-view-1dbjc4n r-flex-13awgt0 r-pointerEvents-12vffkv"
>
  <div
    className=""
    style={
      Object {
        "bottom": 0,
        "display": "flex",
        "flexDirection": "column",
        "flexGrow": 1,
        "left": 0,
        "position": "absolute",
        "right": 0,
        "top": 0,
      }
    }
  >
    <div
      className="css-view-1dbjc4n r-WebkitOverflowScrolling-150rngu r-display-6koalj r-flexDirection-eqz5dr r-flexGrow-16y2uox r-flexShrink-1wbh5a2 r-overflowX-11yh6sk r-overflowY-1rnoaur r-transform-1sncvnh"
      onResponderGrant={[Function]}
      onResponderReject={[Function]}
      onResponderRelease={[Function]}
      onResponderTerminationRequest={[Function]}
      onScroll={[Function]}
      onScrollShouldSetResponder={[Function]}
      onStartShouldSetResponder={[Function]}
      onStartShouldSetResponderCapture={[Function]}
      onTouchEnd={[Function]}
      onTouchMove={[Function]}
      onTouchStart={[Function]}
      onWheel={[Function]}
    >
      <div
        className="css-view-1dbjc4n r-display-6koalj r-flexGrow-16y2uox r-height-1pi2tsx"
      >
        <div
          className="css-view-1dbjc4n r-flex-13awgt0 r-paddingBottom-97e31f r-paddingLeft-bv2aro r-paddingRight-hxflta r-paddingTop-10xqauy"
          style={
            Object {
              "WebkitBoxPack": "justify",
              "WebkitJustifyContent": "space-between",
              "justifyContent": "space-between",
              "msFlexPack": "justify",
              "paddingBottom": "0px",
              "paddingLeft": "0px",
              "paddingRight": "0px",
              "paddingTop": "0px",
            }
          }
        >
          <div
            className="css-view-1dbjc4n r-display-6koalj r-flex-13awgt0 r-flexDirection-eqz5dr r-flexGrow-16y2uox r-position-bnwqim"
            data-name="viewWrapper"
            style={
              Object {
                "WebkitBoxPack": "justify",
                "WebkitJustifyContent": "space-between",
                "backgroundColor": "rgba(255,255,255,1.00)",
                "justifyContent": "space-between",
                "maxHeight": "844px",
                "msFlexPack": "justify",
                "paddingBottom": "0px",
                "paddingLeft": "0px",
                "paddingRight": "0px",
                "paddingTop": "0px",
                "width": "100%",
              }
            }
          >
            <div
              className="css-text-901oao"
              data-testid="welcomeLabel"
              dir="auto"
              style={
                Object {
                  "color": "rgba(66,69,74,1.00)",
                  "fontFamily": "Roboto",
                  "fontSize": "22px",
                  "fontWeight": "500",
                  "lineHeight": "25px",
                  "marginBottom": "25px",
                  "marginTop": "95px",
                  "textAlign": "center",
                  "textDecoration": "none",
                  "textTransform": "none",
                }
              }
            >
              Welcome to
GoodDollar Wallet
            </div>
            <div
              className="css-view-1dbjc4n"
            >
              <div
                className="css-view-1dbjc4n"
                style={
                  Object {
                    "width": "100%",
                  }
                }
              />
            </div>
            <div
              className="css-view-1dbjc4n"
              style={
                Object {
                  "backgroundColor": "rgba(255,255,255,1.00)",
                  "borderBottomLeftRadius": "5px",
                  "borderBottomRightRadius": "5px",
                  "borderTopLeftRadius": "5px",
                  "borderTopRightRadius": "5px",
                  "paddingBottom": "16px",
                  "paddingLeft": "16px",
                  "paddingRight": "16px",
                  "paddingTop": "16px",
                }
              }
            >
              <div
                className="css-text-901oao"
                dir="auto"
                style={
                  Object {
                    "color": "rgba(163,163,163,1.00)",
                    "fontFamily": "Roboto",
                    "fontSize": "12px",
                    "fontWeight": "normal",
                    "lineHeight": "16px",
                    "textAlign": "center",
                    "textDecoration": "none",
                    "textTransform": "none",
                  }
                }
              >
                By clicking the 'Create a wallet' button,
you are accepting our

                <span
                  className="css-text-901oao css-textHasAncestor-16my406 r-cursor-1loqt21"
                  data-focusable={true}
                  dir="auto"
                  onClick={[Function]}
                  onKeyDown={[Function]}
                  style={
                    Object {
                      "color": "rgba(163,163,163,1.00)",
                      "fontFamily": "Roboto",
                      "fontSize": "12px",
                      "fontWeight": "700",
                      "lineHeight": "16px",
                      "textAlign": "center",
                      "textDecoration": "underline",
                      "textTransform": "none",
                    }
                  }
                  tabIndex="0"
                >
                  Terms of Use
                </span>
                 and 
                <span
                  className="css-text-901oao css-textHasAncestor-16my406 r-cursor-1loqt21"
                  data-focusable={true}
                  dir="auto"
                  onClick={[Function]}
                  onKeyDown={[Function]}
                  style={
                    Object {
                      "color": "rgba(163,163,163,1.00)",
                      "fontFamily": "Roboto",
                      "fontSize": "12px",
                      "fontWeight": "700",
                      "lineHeight": "16px",
                      "textAlign": "center",
                      "textDecoration": "underline",
                      "textTransform": "none",
                    }
                  }
                  tabIndex="0"
                >
                  Privacy Policy
                </span>
              </div>
              <div
                className="css-view-1dbjc4n r-display-6koalj r-justifyContent-1777fci"
                data-testid="firstButton"
                style={
                  Object {
                    "WebkitAlignItems": "stretch",
                    "WebkitBoxAlign": "stretch",
                    "alignItems": "stretch",
                    "backgroundColor": "rgba(0,175,255,1.00)",
                    "borderBottomColor": "rgba(0,175,255,1.00)",
                    "borderBottomLeftRadius": "50px",
                    "borderBottomRightRadius": "50px",
                    "borderBottomStyle": "solid",
                    "borderBottomWidth": "0px",
                    "borderLeftColor": "rgba(0,175,255,1.00)",
                    "borderLeftStyle": "solid",
                    "borderLeftWidth": "0px",
                    "borderRightColor": "rgba(0,175,255,1.00)",
                    "borderRightStyle": "solid",
                    "borderRightWidth": "0px",
                    "borderTopColor": "rgba(0,175,255,1.00)",
                    "borderTopLeftRadius": "50px",
                    "borderTopRightRadius": "50px",
                    "borderTopStyle": "solid",
                    "borderTopWidth": "0px",
                    "boxShadow": "0px 0.75px 1.5px rgba(0,0,0,0.24)",
                    "marginBottom": "20px",
                    "marginLeft": "0px",
                    "marginRight": "0px",
                    "marginTop": "20px",
                    "minHeight": "44px",
                    "minWidth": "64px",
                    "msFlexAlign": "stretch",
                    "paddingBottom": "0px",
                    "paddingLeft": "0px",
                    "paddingRight": "0px",
                    "paddingTop": "0px",
                  }
                }
              >
                <div
                  className="css-cursor-18t94o4 css-view-1dbjc4n r-cursor-1loqt21 r-flex-13awgt0 r-overflow-1udh08x r-position-bnwqim r-touchAction-1otgn73"
                  data-focusable={true}
                  disabled={false}
                  onKeyDown={[Function]}
                  onKeyPress={[Function]}
                  onKeyUp={[Function]}
                  onResponderGrant={[Function]}
                  onResponderMove={[Function]}
                  onResponderRelease={[Function]}
                  onResponderTerminate={[Function]}
                  onResponderTerminationRequest={[Function]}
                  onStartShouldSetResponder={[Function]}
                  role="button"
                  style={
                    Object {
                      "WebkitAlignSelf": "stretch",
                      "alignSelf": "stretch",
                      "borderBottomLeftRadius": "50px",
                      "borderBottomRightRadius": "50px",
                      "borderTopLeftRadius": "50px",
                      "borderTopRightRadius": "50px",
                      "msFlexItemAlign": "stretch",
                    }
                  }
                  tabIndex="0"
                >
                  <div
                    className="css-view-1dbjc4n r-alignItems-1awozwy r-flex-13awgt0 r-flexDirection-18u37iz r-justifyContent-1777fci"
                    style={
                      Object {
                        "WebkitAlignSelf": "stretch",
                        "alignSelf": "stretch",
                        "msFlexItemAlign": "stretch",
                      }
                    }
                  >
                    <div
                      className="css-view-1dbjc4n r-marginHorizontal-1ydw1k6 r-marginVertical-712mwr"
                    >
                      <div
                        className="css-view-1dbjc4n r-alignItems-1awozwy r-display-6koalj r-flex-13awgt0 r-flexDirection-18u37iz"
                      >
                        <div
                          className="css-text-901oao r-alignItems-1awozwy r-justifyContent-1777fci"
                          dir="auto"
                          style={
                            Object {
                              "color": "rgba(255,255,255,1.00)",
                              "fontFamily": "Roboto",
                              "fontSize": "16px",
                              "fontWeight": "500",
                              "letterSpacing": "0px",
                              "lineHeight": "22px",
                              "paddingTop": "1px",
                              "textAlign": "center",
                              "textDecoration": "none",
                              "textTransform": "uppercase",
                            }
                          }
                        >
                          Create a wallet
                        </div>
                      </div>
                    </div>
                  </div>
                </div>
              </div>
              <div
                className="css-view-1dbjc4n r-display-6koalj r-justifyContent-1777fci"
                data-testid="signInButton"
                style={
                  Object {
                    "WebkitAlignItems": "stretch",
                    "WebkitBoxAlign": "stretch",
                    "alignItems": "stretch",
                    "backgroundColor": "rgba(0,0,0,0.00)",
                    "borderBottomColor": "rgba(0,175,255,1.00)",
                    "borderBottomLeftRadius": "50px",
                    "borderBottomRightRadius": "50px",
                    "borderBottomStyle": "solid",
                    "borderBottomWidth": "1px",
                    "borderLeftColor": "rgba(0,175,255,1.00)",
                    "borderLeftStyle": "solid",
                    "borderLeftWidth": "1px",
                    "borderRightColor": "rgba(0,175,255,1.00)",
                    "borderRightStyle": "solid",
                    "borderRightWidth": "1px",
                    "borderTopColor": "rgba(0,175,255,1.00)",
                    "borderTopLeftRadius": "50px",
                    "borderTopRightRadius": "50px",
                    "borderTopStyle": "solid",
                    "borderTopWidth": "1px",
                    "marginBottom": "0px",
                    "marginLeft": "0px",
                    "marginRight": "0px",
                    "marginTop": "0px",
                    "minHeight": "44px",
                    "minWidth": "64px",
                    "msFlexAlign": "stretch",
                    "paddingBottom": "0px",
                    "paddingLeft": "0px",
                    "paddingRight": "0px",
                    "paddingTop": "0px",
                  }
                }
              >
                <div
                  className="css-cursor-18t94o4 css-view-1dbjc4n r-cursor-1loqt21 r-flex-13awgt0 r-overflow-1udh08x r-position-bnwqim r-touchAction-1otgn73"
                  data-focusable={true}
                  disabled={false}
                  onKeyDown={[Function]}
                  onKeyPress={[Function]}
                  onKeyUp={[Function]}
                  onResponderGrant={[Function]}
                  onResponderMove={[Function]}
                  onResponderRelease={[Function]}
                  onResponderTerminate={[Function]}
                  onResponderTerminationRequest={[Function]}
                  onStartShouldSetResponder={[Function]}
                  role="button"
                  style={
                    Object {
                      "WebkitAlignSelf": "stretch",
                      "alignSelf": "stretch",
                      "borderBottomLeftRadius": "50px",
                      "borderBottomRightRadius": "50px",
                      "borderTopLeftRadius": "50px",
                      "borderTopRightRadius": "50px",
                      "msFlexItemAlign": "stretch",
                    }
                  }
                  tabIndex="0"
                >
                  <div
                    className="css-view-1dbjc4n r-alignItems-1awozwy r-flex-13awgt0 r-flexDirection-18u37iz r-justifyContent-1777fci"
                    style={
                      Object {
                        "WebkitAlignSelf": "stretch",
                        "alignSelf": "stretch",
                        "msFlexItemAlign": "stretch",
                      }
                    }
                  >
                    <div
                      className="css-view-1dbjc4n r-marginHorizontal-1ydw1k6 r-marginVertical-712mwr"
                    >
                      <div
                        className="css-view-1dbjc4n r-alignItems-1awozwy r-display-6koalj r-flex-13awgt0 r-flexDirection-18u37iz"
                      >
                        <div
                          className="css-text-901oao r-alignItems-1awozwy r-justifyContent-1777fci"
                          dir="auto"
                          style={
                            Object {
                              "color": "rgba(0,175,255,1.00)",
                              "fontFamily": "Roboto",
                              "fontSize": "16px",
                              "fontWeight": "normal",
                              "letterSpacing": "0px",
                              "lineHeight": "22px",
                              "paddingTop": "1px",
                              "textAlign": "center",
                              "textDecoration": "none",
                              "textTransform": "none",
                            }
                          }
                        >
                          ALREADY REGISTERED?
                          <span
                            className="css-text-901oao css-textHasAncestor-16my406 r-alignItems-1awozwy r-justifyContent-1777fci"
                            dir="auto"
                            style={
                              Object {
                                "color": "rgba(0,175,255,1.00)",
                                "fontFamily": "Roboto",
                                "fontSize": "16px",
                                "fontWeight": "800",
                                "letterSpacing": "0px",
                                "lineHeight": "22px",
                                "paddingTop": "1px",
                                "textAlign": "center",
                                "textDecoration": "none",
                                "textTransform": "uppercase",
                              }
                            }
                          >
                             SIGN IN
                          </span>
                        </div>
                      </div>
                    </div>
                  </div>
                </div>
              </div>
            </div>
          </div>
        </div>
      </div>
    </div>
  </div>
</div>
`;
