// Jest Snapshot v1, https://goo.gl/fbAQLP

exports[`FaceRecognition matches snapshot 1`] = `
<div
  style={
    Object {
      "WebkitAlignItems": "stretch",
      "WebkitBoxAlign": "stretch",
      "WebkitBoxDirection": "normal",
      "WebkitBoxFlex": 1,
      "WebkitBoxOrient": "vertical",
      "WebkitFlexBasis": "0%",
      "WebkitFlexDirection": "column",
      "WebkitFlexGrow": 1,
      "WebkitFlexShrink": 1,
      "alignItems": "stretch",
      "borderBottomStyle": "solid",
      "borderBottomWidth": "0px",
      "borderLeftStyle": "solid",
      "borderLeftWidth": "0px",
      "borderRightStyle": "solid",
      "borderRightWidth": "0px",
      "borderTopStyle": "solid",
      "borderTopWidth": "0px",
      "boxSizing": "border-box",
      "display": "flex",
      "flexBasis": "0%",
      "flexDirection": "column",
      "flexGrow": 1,
      "flexShrink": 1,
      "marginBottom": "0px",
      "marginLeft": "0px",
      "marginRight": "0px",
      "marginTop": "0px",
      "minHeight": "0px",
      "minWidth": "0px",
      "msFlexAlign": "stretch",
      "msFlexDirection": "column",
      "msFlexNegative": 1,
      "msFlexPositive": 1,
      "msFlexPreferredSize": "0%",
      "paddingBottom": "0px",
      "paddingLeft": "0px",
      "paddingRight": "0px",
      "paddingTop": "0px",
      "position": "relative",
      "zIndex": 0,
    }
  }
>
  <div
    style={
      Object {
        "WebkitAlignItems": "stretch",
        "WebkitBoxAlign": "stretch",
        "WebkitBoxDirection": "normal",
        "WebkitBoxFlex": 1,
        "WebkitBoxOrient": "vertical",
        "WebkitFlexBasis": "0%",
        "WebkitFlexDirection": "column",
        "WebkitFlexGrow": 1,
        "WebkitFlexShrink": 1,
        "alignItems": "stretch",
        "borderBottomStyle": "solid",
        "borderBottomWidth": "0px",
        "borderLeftStyle": "solid",
        "borderLeftWidth": "0px",
        "borderRightStyle": "solid",
        "borderRightWidth": "0px",
        "borderTopStyle": "solid",
        "borderTopWidth": "0px",
        "boxSizing": "border-box",
        "display": "flex",
        "flexBasis": "0%",
        "flexDirection": "column",
        "flexGrow": 1,
        "flexShrink": 1,
        "marginBottom": "0px",
        "marginLeft": "0px",
        "marginRight": "0px",
        "marginTop": "0px",
        "minHeight": "0px",
        "minWidth": "0px",
        "msFlexAlign": "stretch",
        "msFlexDirection": "column",
        "msFlexNegative": 1,
        "msFlexPositive": 1,
        "msFlexPreferredSize": "0%",
        "paddingBottom": "0px",
        "paddingLeft": "0px",
        "paddingRight": "0px",
        "paddingTop": "0px",
        "position": "relative",
        "zIndex": 0,
      }
    }
  >
    <div
      style={
        Object {
          "WebkitAlignItems": "stretch",
          "WebkitBoxAlign": "stretch",
          "WebkitBoxDirection": "normal",
          "WebkitBoxFlex": 1,
          "WebkitBoxOrient": "horizontal",
          "WebkitBoxPack": "center",
          "WebkitFlexBasis": "0%",
          "WebkitFlexDirection": "row",
          "WebkitFlexGrow": 1,
          "WebkitFlexShrink": 1,
          "WebkitJustifyContent": "center",
          "alignItems": "stretch",
          "borderBottomStyle": "solid",
          "borderBottomWidth": "0px",
          "borderLeftStyle": "solid",
          "borderLeftWidth": "0px",
          "borderRightStyle": "solid",
          "borderRightWidth": "0px",
          "borderTopStyle": "solid",
          "borderTopWidth": "0px",
          "boxSizing": "border-box",
          "display": "flex",
          "flexBasis": "0%",
          "flexDirection": "row",
          "flexGrow": 1,
          "flexShrink": 1,
          "justifyContent": "center",
          "marginBottom": "0px",
          "marginLeft": "0px",
          "marginRight": "0px",
          "marginTop": "0px",
          "minHeight": "0px",
          "minWidth": "0px",
          "msFlexAlign": "stretch",
          "msFlexDirection": "row",
          "msFlexNegative": 1,
          "msFlexPack": "center",
          "msFlexPositive": 1,
          "msFlexPreferredSize": "0%",
          "paddingBottom": "0px",
          "paddingLeft": "0px",
          "paddingRight": "0px",
          "paddingTop": "0px",
          "position": "relative",
          "zIndex": 0,
        }
      }
    >
      <div
        style={
          Object {
            "WebkitAlignItems": "stretch",
            "WebkitBoxAlign": "stretch",
            "WebkitBoxDirection": "normal",
            "WebkitBoxFlex": 1,
            "WebkitBoxOrient": "vertical",
            "WebkitBoxPack": "justify",
            "WebkitFlexBasis": "0%",
            "WebkitFlexDirection": "column",
            "WebkitFlexGrow": 1,
            "WebkitFlexShrink": 1,
            "WebkitJustifyContent": "space-between",
            "alignItems": "stretch",
            "borderBottomStyle": "solid",
            "borderBottomWidth": "0px",
            "borderLeftStyle": "solid",
            "borderLeftWidth": "0px",
            "borderRightStyle": "solid",
            "borderRightWidth": "0px",
            "borderTopStyle": "solid",
            "borderTopWidth": "0px",
            "boxSizing": "border-box",
            "display": "flex",
            "flexBasis": "0%",
            "flexDirection": "column",
            "flexGrow": 1,
            "flexShrink": 1,
            "justifyContent": "space-between",
            "marginBottom": "0px",
            "marginLeft": "0px",
            "marginRight": "0px",
            "marginTop": "0px",
            "minHeight": "0px",
            "minWidth": "0px",
            "msFlexAlign": "stretch",
            "msFlexDirection": "column",
            "msFlexNegative": 1,
            "msFlexPack": "justify",
            "msFlexPositive": 1,
            "msFlexPreferredSize": "0%",
            "paddingBottom": "1rem",
            "paddingLeft": "1rem",
            "paddingRight": "1rem",
            "paddingTop": "1rem",
            "position": "relative",
            "width": "100%",
            "zIndex": 0,
          }
        }
      >
        <div
          style={
            Object {
              "WebkitAlignItems": "stretch",
              "WebkitBoxAlign": "stretch",
              "WebkitBoxDirection": "normal",
              "WebkitBoxFlex": 1,
              "WebkitBoxOrient": "vertical",
              "WebkitBoxPack": "space-evenly",
              "WebkitFlexBasis": "0%",
              "WebkitFlexDirection": "column",
              "WebkitFlexGrow": 1,
              "WebkitFlexShrink": 1,
              "WebkitJustifyContent": "space-evenly",
              "alignItems": "stretch",
              "borderBottomStyle": "solid",
              "borderBottomWidth": "0px",
              "borderLeftStyle": "solid",
              "borderLeftWidth": "0px",
              "borderRightStyle": "solid",
              "borderRightWidth": "0px",
              "borderTopStyle": "solid",
              "borderTopWidth": "0px",
              "boxSizing": "border-box",
              "display": "flex",
              "flexBasis": "0%",
              "flexDirection": "column",
              "flexGrow": 1,
              "flexShrink": 1,
              "justifyContent": "space-evenly",
              "marginBottom": "0px",
              "marginLeft": "0px",
              "marginRight": "0px",
              "marginTop": "0px",
              "minHeight": "0px",
              "minWidth": "0px",
              "msFlexAlign": "stretch",
              "msFlexDirection": "column",
              "msFlexNegative": 1,
              "msFlexPack": "space-evenly",
              "msFlexPositive": 1,
              "msFlexPreferredSize": "0%",
              "paddingBottom": "0px",
              "paddingLeft": "0px",
              "paddingRight": "0px",
              "paddingTop": "30px",
              "position": "relative",
              "zIndex": 0,
            }
          }
        >
          <div
            dir="auto"
            style={
              Object {
                "borderBottomWidth": "0px",
                "borderLeftWidth": "0px",
                "borderRightWidth": "0px",
                "borderTopWidth": "0px",
                "boxSizing": "border-box",
                "color": "rgba(85,85,85,1.00)",
                "direction": "ltr",
                "display": "inline",
                "fontFamily": "Helvetica, \\"sans-serif\\"",
                "fontSize": "28px",
                "fontStyle": "inherit",
                "fontVariant": "inherit",
                "fontWeight": "inherit",
                "lineHeight": "inherit",
                "marginBottom": "30px",
                "marginLeft": "0px",
                "marginRight": "0px",
                "marginTop": "0px",
                "paddingBottom": "0px",
                "paddingLeft": "0px",
                "paddingRight": "0px",
                "paddingTop": "0px",
                "textAlign": "center",
                "textDecoration": "none",
                "whiteSpace": "pre-wrap",
                "wordWrap": "break-word",
              }
            }
          >
            John,
 Just one last thing...
          </div>
          <div
            dir="auto"
            style={
              Object {
                "borderBottomWidth": "0px",
                "borderLeftWidth": "0px",
                "borderRightWidth": "0px",
                "borderTopWidth": "0px",
                "boxSizing": "border-box",
                "color": "rgba(85,85,85,1.00)",
                "direction": "ltr",
                "display": "inline",
                "fontFamily": "Helvetica, \\"sans-serif\\"",
                "fontSize": "18px",
                "fontStyle": "inherit",
                "fontVariant": "inherit",
                "fontWeight": "inherit",
                "lineHeight": "inherit",
                "marginBottom": "0px",
                "marginLeft": "0px",
                "marginRight": "0px",
                "marginTop": "30px",
                "paddingBottom": "0px",
                "paddingLeft": "0px",
                "paddingRight": "0px",
                "paddingTop": "0px",
                "textAlign": "center",
                "textDecoration": "none",
                "whiteSpace": "pre-wrap",
                "wordWrap": "break-word",
              }
            }
          >
            In order to give you a basic income we need to make sure it's really you
          </div>
        </div>
        <div
          style={
            Object {
              "WebkitAlignItems": "stretch",
              "WebkitBoxAlign": "stretch",
              "WebkitBoxDirection": "normal",
              "WebkitBoxFlex": 1,
              "WebkitBoxOrient": "vertical",
              "WebkitBoxPack": "end",
              "WebkitFlexBasis": "0%",
              "WebkitFlexDirection": "column",
              "WebkitFlexGrow": 1,
              "WebkitFlexShrink": 1,
              "WebkitJustifyContent": "flex-end",
              "alignItems": "stretch",
              "borderBottomStyle": "solid",
              "borderBottomWidth": "0px",
              "borderLeftStyle": "solid",
              "borderLeftWidth": "0px",
              "borderRightStyle": "solid",
              "borderRightWidth": "0px",
              "borderTopStyle": "solid",
              "borderTopWidth": "0px",
              "boxSizing": "border-box",
              "display": "flex",
              "flexBasis": "0%",
              "flexDirection": "column",
              "flexGrow": 1,
              "flexShrink": 1,
              "justifyContent": "flex-end",
              "marginBottom": "0px",
              "marginLeft": "0px",
              "marginRight": "0px",
              "marginTop": "0px",
              "minHeight": "0px",
              "minWidth": "0px",
              "msFlexAlign": "stretch",
              "msFlexDirection": "column",
              "msFlexNegative": 1,
              "msFlexPack": "end",
              "msFlexPositive": 1,
              "msFlexPreferredSize": "0%",
              "paddingBottom": "0px",
              "paddingLeft": "0px",
              "paddingRight": "0px",
              "paddingTop": "20px",
              "position": "relative",
              "zIndex": 0,
            }
          }
        >
          <div
            style={
              Object {
                "WebkitAlignItems": "stretch",
                "WebkitBoxAlign": "stretch",
                "WebkitBoxDirection": "normal",
                "WebkitBoxOrient": "vertical",
                "WebkitBoxPack": "center",
                "WebkitFlexBasis": "auto",
                "WebkitFlexDirection": "column",
                "WebkitFlexShrink": 0,
                "WebkitJustifyContent": "center",
                "alignItems": "stretch",
                "backgroundColor": "rgba(85,85,85,1.00)",
                "borderBottomColor": "rgba(0,0,0,0.00)",
                "borderBottomLeftRadius": "4px",
                "borderBottomRightRadius": "4px",
                "borderBottomStyle": "solid",
                "borderBottomWidth": "0px",
                "borderLeftColor": "rgba(0,0,0,0.00)",
                "borderLeftStyle": "solid",
                "borderLeftWidth": "0px",
                "borderRightColor": "rgba(0,0,0,0.00)",
                "borderRightStyle": "solid",
                "borderRightWidth": "0px",
                "borderTopColor": "rgba(0,0,0,0.00)",
                "borderTopLeftRadius": "4px",
                "borderTopRightRadius": "4px",
                "borderTopStyle": "solid",
                "borderTopWidth": "0px",
                "boxShadow": "0px 0.75px 1.5px rgba(0,0,0,0.24)",
                "boxSizing": "border-box",
                "display": "flex",
                "flexBasis": "auto",
                "flexDirection": "column",
                "flexShrink": 0,
                "justifyContent": "center",
                "marginBottom": "0px",
                "marginLeft": "0px",
                "marginRight": "0px",
                "marginTop": "0px",
                "minHeight": "0px",
                "minWidth": "64px",
                "msFlexAlign": "stretch",
                "msFlexDirection": "column",
                "msFlexNegative": 0,
                "msFlexPack": "center",
                "msFlexPreferredSize": "auto",
                "paddingBottom": "0px",
                "paddingLeft": "0px",
                "paddingRight": "0px",
                "paddingTop": "0px",
                "position": "relative",
                "zIndex": 0,
              }
            }
          >
            <div
              data-focusable={true}
              disabled={false}
              onKeyDown={[Function]}
              onKeyPress={[Function]}
              onKeyUp={[Function]}
              onResponderGrant={[Function]}
              onResponderMove={[Function]}
              onResponderRelease={[Function]}
              onResponderTerminate={[Function]}
              onResponderTerminationRequest={[Function]}
              onStartShouldSetResponder={[Function]}
              role="button"
              style={
                Object {
                  "WebkitAlignItems": "stretch",
                  "WebkitBoxAlign": "stretch",
                  "WebkitBoxDirection": "normal",
                  "WebkitBoxOrient": "vertical",
                  "WebkitFlexBasis": "auto",
                  "WebkitFlexDirection": "column",
                  "WebkitFlexShrink": 0,
                  "alignItems": "stretch",
                  "borderBottomLeftRadius": "4px",
                  "borderBottomRightRadius": "4px",
                  "borderBottomStyle": "solid",
                  "borderBottomWidth": "0px",
                  "borderLeftStyle": "solid",
                  "borderLeftWidth": "0px",
                  "borderRightStyle": "solid",
                  "borderRightWidth": "0px",
                  "borderTopLeftRadius": "4px",
                  "borderTopRightRadius": "4px",
                  "borderTopStyle": "solid",
                  "borderTopWidth": "0px",
                  "boxSizing": "border-box",
                  "cursor": "pointer",
                  "display": "flex",
                  "flexBasis": "auto",
                  "flexDirection": "column",
                  "flexShrink": 0,
                  "marginBottom": "0px",
                  "marginLeft": "0px",
                  "marginRight": "0px",
                  "marginTop": "0px",
                  "minHeight": "0px",
                  "minWidth": "0px",
                  "msFlexAlign": "stretch",
                  "msFlexDirection": "column",
                  "msFlexNegative": 0,
                  "msFlexPreferredSize": "auto",
                  "msTouchAction": "manipulation",
                  "overflowX": "hidden",
                  "overflowY": "hidden",
                  "paddingBottom": "0px",
                  "paddingLeft": "0px",
                  "paddingRight": "0px",
                  "paddingTop": "0px",
                  "position": "relative",
                  "touchAction": "manipulation",
                  "zIndex": 0,
                }
              }
              tabIndex="0"
            >
              <div
                style={
                  Object {
                    "WebkitAlignItems": "center",
                    "WebkitBoxAlign": "center",
                    "WebkitBoxDirection": "normal",
                    "WebkitBoxOrient": "horizontal",
                    "WebkitBoxPack": "center",
                    "WebkitFlexBasis": "auto",
                    "WebkitFlexDirection": "row",
                    "WebkitFlexShrink": 0,
                    "WebkitJustifyContent": "center",
                    "alignItems": "center",
                    "borderBottomStyle": "solid",
                    "borderBottomWidth": "0px",
                    "borderLeftStyle": "solid",
                    "borderLeftWidth": "0px",
                    "borderRightStyle": "solid",
                    "borderRightWidth": "0px",
                    "borderTopStyle": "solid",
                    "borderTopWidth": "0px",
                    "boxSizing": "border-box",
                    "display": "flex",
                    "flexBasis": "auto",
                    "flexDirection": "row",
                    "flexShrink": 0,
                    "justifyContent": "center",
                    "marginBottom": "0px",
                    "marginLeft": "0px",
                    "marginRight": "0px",
                    "marginTop": "0px",
                    "minHeight": "0px",
                    "minWidth": "0px",
                    "msFlexAlign": "center",
                    "msFlexDirection": "row",
                    "msFlexNegative": 0,
                    "msFlexPack": "center",
                    "msFlexPreferredSize": "auto",
                    "paddingBottom": "0px",
                    "paddingLeft": "0px",
                    "paddingRight": "0px",
                    "paddingTop": "0px",
                    "position": "relative",
                    "zIndex": 0,
                  }
                }
              >
                <div
                  dir="auto"
                  style={
                    Object {
                      "borderBottomWidth": "0px",
                      "borderLeftWidth": "0px",
                      "borderRightWidth": "0px",
                      "borderTopWidth": "0px",
                      "boxSizing": "border-box",
                      "color": "rgba(255,255,255,1.00)",
                      "direction": "ltr",
                      "display": "inline",
                      "fontFamily": "Roboto-Medium, Roboto, \\"Helvetica Neue\\", Helvetica, Arial, sans-serif",
                      "fontSize": "14px",
                      "fontStyle": "inherit",
                      "fontVariant": "inherit",
                      "fontWeight": "inherit",
                      "letterSpacing": "1px",
                      "lineHeight": "inherit",
                      "marginBottom": "9px",
                      "marginLeft": "16px",
                      "marginRight": "16px",
                      "marginTop": "9px",
                      "maxWidth": "100%",
                      "overflowX": "hidden",
                      "overflowY": "hidden",
                      "paddingBottom": "0px",
                      "paddingLeft": "0px",
                      "paddingRight": "0px",
                      "paddingTop": "0px",
                      "textAlign": "center",
                      "textDecoration": "none",
                      "textOverflow": "ellipsis",
                      "whiteSpace": "nowrap",
                      "wordWrap": "break-word",
                    }
                  }
                >
                  <span
                    dir="auto"
                    style={
                      Object {
                        "borderBottomWidth": "0px",
                        "borderLeftWidth": "0px",
                        "borderRightWidth": "0px",
                        "borderTopWidth": "0px",
                        "boxSizing": "border-box",
                        "direction": "ltr",
                        "display": "inline",
                        "fontFamily": "Helvetica, \\"sans-serif\\"",
                        "fontSize": "18px",
                        "fontStyle": "inherit",
                        "fontVariant": "inherit",
                        "fontWeight": "bold",
                        "lineHeight": "inherit",
                        "marginBottom": "0px",
                        "marginLeft": "0px",
                        "marginRight": "0px",
                        "marginTop": "0px",
                        "paddingBottom": "5px",
                        "paddingLeft": "5px",
                        "paddingRight": "5px",
                        "paddingTop": "5px",
                        "textAlign": "center",
                        "textDecoration": "none",
                        "textTransform": "uppercase",
                        "whiteSpace": "inherit",
                        "wordWrap": "break-word",
                      }
                    }
                  >
                    Quick Face Recognition
                  </span>
                </div>
              </div>
            </div>
          </div>
        </div>
      </div>
    </div>
  </div>
</div>
`;
