// Jest Snapshot v1, https://goo.gl/fbAQLP

exports[`FeedActions matches snapshot 1`] = `
<div
  className="css-view-1dbjc4n"
  style={
    Object {
      "WebkitAlignItems": "center",
      "WebkitBoxAlign": "center",
      "WebkitBoxDirection": "normal",
      "WebkitBoxFlex": 1,
      "WebkitBoxOrient": "horizontal",
      "WebkitBoxPack": "end",
      "WebkitFlexBasis": "0%",
      "WebkitFlexDirection": "row",
      "WebkitFlexGrow": 1,
      "WebkitFlexShrink": 1,
      "WebkitJustifyContent": "flex-end",
      "alignItems": "center",
      "flexBasis": "0%",
      "flexDirection": "row",
      "flexGrow": 1,
      "flexShrink": 1,
      "justifyContent": "flex-end",
      "msFlexAlign": "center",
      "msFlexDirection": "row",
      "msFlexNegative": 1,
      "msFlexPack": "end",
      "msFlexPositive": 1,
      "msFlexPreferredSize": "0%",
      "paddingBottom": "10px",
      "paddingLeft": "10px",
      "paddingRight": "10px",
      "paddingTop": "10px",
    }
  }
/>
`;
