// Jest Snapshot v1, https://goo.gl/fbAQLP

exports[`ReceiveToAddress matches snapshot 1`] = `
<div
  className="css-view-1dbjc4n r-flex-13awgt0 r-pointerEvents-12vffkv"
>
  <div
    className="css-view-1dbjc4n r-position-bnwqim"
    data-name="viewWrapper"
    style={
      Object {
        "WebkitBoxDirection": "normal",
        "WebkitBoxFlex": 1,
        "WebkitBoxOrient": "vertical",
        "WebkitFlexDirection": "column",
        "WebkitFlexGrow": 1,
        "backgroundImage": "linear-gradient(3.141592653589793rad,#00AFFF,#2DC0F7,#28C0EF,#23C0E7,#1EC1DF,#19C1D7,#14C1CF,#0FC2C7,#0FC2C7,#0AC2BF,#05C2B7,#00C3AF)",
        "display": "flex",
        "flexDirection": "column",
        "flexGrow": 1,
        "maxHeight": "844px",
        "msFlexDirection": "column",
        "msFlexPositive": 1,
        "paddingBottom": "8px",
        "paddingLeft": "8px",
        "paddingRight": "8px",
        "paddingTop": "8px",
        "width": "100%",
      }
    }
  >
    <div
      className="css-view-1dbjc4n r-height-yivrw8 r-justifyContent-1777fci r-marginBottom-5oul0u r-paddingBottom-xd6kpl r-paddingRight-1pyaxff r-paddingTop-tskmnb"
      style={
        Object {
          "backgroundColor": "rgba(255,255,255,1.00)",
          "borderBottomLeftRadius": "5px",
          "borderBottomRightRadius": "5px",
          "borderTopLeftRadius": "5px",
          "borderTopRightRadius": "5px",
          "paddingBottom": "16px",
          "paddingLeft": "8px",
          "paddingRight": "12px",
          "paddingTop": "16px",
        }
      }
    >
      <div
        className="css-view-1dbjc4n r-alignItems-1awozwy r-flexDirection-18u37iz r-justifyContent-1777fci"
      >
        <div
          className="css-view-1dbjc4n"
        />
        <div
          className="css-view-1dbjc4n r-alignItems-1awozwy r-cursor-1loqt21 r-justifyContent-1777fci r-touchAction-1otgn73 r-transitionDuration-eafdt9 r-transitionProperty-1i6wzkk r-userSelect-lrvibr"
          data-focusable={true}
          disabled={false}
          onKeyDown={[Function]}
          onKeyUp={[Function]}
          onResponderGrant={[Function]}
          onResponderMove={[Function]}
          onResponderRelease={[Function]}
          onResponderTerminate={[Function]}
          onResponderTerminationRequest={[Function]}
          onStartShouldSetResponder={[Function]}
          style={
            Object {
              "backgroundColor": "rgba(203,203,203,1.00)",
              "borderBottomColor": "rgba(163,163,163,1.00)",
              "borderBottomLeftRadius": "28px",
              "borderBottomRightRadius": "28px",
              "borderBottomWidth": "1px",
              "borderLeftColor": "rgba(163,163,163,1.00)",
              "borderLeftWidth": "1px",
              "borderRightColor": "rgba(163,163,163,1.00)",
              "borderRightWidth": "1px",
              "borderTopColor": "rgba(163,163,163,1.00)",
              "borderTopLeftRadius": "28px",
              "borderTopRightRadius": "28px",
              "borderTopWidth": "1px",
              "height": "56px",
              "width": "56px",
            }
          }
          tabIndex="0"
        >
          <div
            className="css-view-1dbjc4n"
            style={
              Object {
                "backgroundColor": "rgba(0,0,0,0.00)",
                "height": "56px",
                "width": "56px",
              }
            }
          >
            <unknownProfile.svg />
          </div>
        </div>
      </div>
    </div>
    <div
      className="css-view-1dbjc4n"
      style={
        Object {
          "WebkitBoxFlex": 1,
          "WebkitBoxPack": "justify",
          "WebkitFlexGrow": 1,
          "WebkitJustifyContent": "space-between",
          "backgroundColor": "rgba(255,255,255,1.00)",
          "borderBottomLeftRadius": "5px",
          "borderBottomRightRadius": "5px",
          "borderTopLeftRadius": "5px",
          "borderTopRightRadius": "5px",
          "flexGrow": 1,
          "justifyContent": "space-between",
          "msFlexPack": "justify",
          "msFlexPositive": 1,
          "paddingBottom": "16px",
          "paddingLeft": "12px",
          "paddingRight": "12px",
          "paddingTop": "16px",
        }
      }
    >
      <div
        className="css-text-901oao"
        dir="auto"
        style={
          Object {
            "color": "rgba(66,69,74,1.00)",
            "fontFamily": "Roboto",
            "fontSize": "24px",
            "fontWeight": "500",
            "lineHeight": "30px",
            "marginBottom": "8px",
            "marginTop": "8px",
            "textAlign": "center",
            "textDecoration": "none",
            "textTransform": "uppercase",
          }
        }
      >
        YOUR WALLET ADDRESS:
      </div>
      <div
        className="css-view-1dbjc4n"
        style={
          Object {
            "WebkitBoxFlex": 0,
            "WebkitFlexBasis": "0%",
            "WebkitFlexGrow": 0,
            "WebkitFlexShrink": 0,
            "flexBasis": "0%",
            "flexGrow": 0,
            "flexShrink": 0,
            "marginBottom": "0px",
            "marginLeft": "10px",
            "marginRight": "10px",
            "marginTop": "15px",
            "msFlexNegative": 0,
            "msFlexPositive": 0,
            "msFlexPreferredSize": "0%",
            "width": "100%",
          }
        }
      >
        <div
          className="css-view-1dbjc4n r-marginBottom-5oul0u"
          style={
            Object {
              "width": "100%",
            }
          }
        >
          <input
            autoCapitalize="sentences"
            autoComplete="on"
            autoCorrect="on"
            className="css-textinput-1cwyjr8 r-placeholderTextColor-1xktb6b"
            data-focusable={true}
            dir="auto"
            onBlur={[Function]}
            onChange={[Function]}
            onFocus={[Function]}
            onKeyDown={[Function]}
            onKeyPress={[Function]}
            onSelect={[Function]}
            onTouchStart={[Function]}
            readOnly={true}
            spellCheck={true}
            style={
              Object {
                "backgroundColor": "rgba(255,255,255,1.00)",
                "borderBottomColor": "rgba(66,69,74,1.00)",
                "borderBottomStyle": "solid",
                "borderBottomWidth": "1px",
                "color": "rgba(66,69,74,1.00)",
                "fontFamily": "Roboto Slab",
                "fontSize": "13.5px",
                "paddingBottom": "4px",
                "paddingLeft": "32px",
                "paddingRight": "32px",
                "paddingTop": "4px",
                "textAlign": "center",
              }
            }
            type="text"
            value="face-account-wallet-address"
          />
        </div>
      </div>
      <div
        className="css-text-901oao"
        dir="auto"
        style={
          Object {
            "color": "rgba(66,69,74,1.00)",
            "fontFamily": "Roboto",
            "fontSize": "24px",
            "fontWeight": "500",
            "lineHeight": "30px",
            "marginBottom": "20px",
            "marginTop": "14px",
            "textAlign": "center",
            "textDecoration": "none",
            "textTransform": "none",
          }
        }
      >
        Copy & share it
with others
      </div>
      <div
        className="css-view-1dbjc4n r-alignItems-1awozwy r-flexDirection-18u37iz"
        style={
          Object {
            "WebkitBoxPack": "justify",
            "WebkitJustifyContent": "space-around",
            "borderBottomColor": "rgba(0,175,255,1.00)",
            "borderBottomLeftRadius": "5px",
            "borderBottomRightRadius": "5px",
            "borderBottomStyle": "solid",
            "borderBottomWidth": "2px",
            "borderLeftColor": "rgba(0,175,255,1.00)",
            "borderLeftStyle": "solid",
            "borderLeftWidth": "2px",
            "borderRightColor": "rgba(0,175,255,1.00)",
            "borderRightStyle": "solid",
            "borderRightWidth": "2px",
            "borderTopColor": "rgba(0,175,255,1.00)",
            "borderTopLeftRadius": "5px",
            "borderTopRightRadius": "5px",
            "borderTopStyle": "solid",
            "borderTopWidth": "2px",
            "display": "flex",
            "justifyContent": "space-around",
            "marginBottom": "20px",
            "marginLeft": "auto",
            "marginRight": "auto",
            "msFlexPack": "distribute",
            "paddingBottom": "14px",
            "paddingLeft": "6px",
            "paddingRight": "6px",
            "paddingTop": "14px",
            "width": "auto",
          }
        }
      >
        <div
          className="css-view-1dbjc4n r-justifyContent-1777fci"
          style={
            Object {
              "WebkitBoxDirection": "normal",
              "WebkitBoxOrient": "vertical",
              "WebkitFlexDirection": "column",
              "WebkitTransform": "rotate(180deg)",
              "display": "flex",
              "flexDirection": "column",
              "height": "57px",
              "marginRight": "9px",
              "msFlexDirection": "column",
              "transform": "rotate(180deg)",
              "width": "57px",
            }
          }
        >
          <div
            className="css-view-1dbjc4n"
          />
        </div>
        <div
          className="css-text-901oao r-flex-13awgt0"
          dir="auto"
          letterSpacing={0.14}
          style={
            Object {
              "color": "rgba(250,108,119,1.00)",
              "fontFamily": "Roboto Slab",
              "fontSize": "13.5px",
              "fontWeight": "700",
              "letterSpacing": "0.14px",
              "lineHeight": "21px",
              "paddingRight": "6px",
              "textAlign": "left",
              "textDecoration": "none",
              "textTransform": "none",
            }
          }
        >
          Keep in mind - Do not send tokens from Ethereum network to this address. This is an internal Network address for G$ tokens only.
        </div>
      </div>
      <div
        className="css-view-1dbjc4n r-justifyContent-1777fci"
        data-gdtype="copybutton"
        style={
          Object {
            "WebkitAlignItems": "stretch",
            "WebkitBoxAlign": "stretch",
            "alignItems": "stretch",
            "backgroundColor": "rgba(0,175,255,1.00)",
            "borderBottomColor": "rgba(0,175,255,1.00)",
            "borderBottomLeftRadius": "50px",
            "borderBottomRightRadius": "50px",
            "borderBottomStyle": "solid",
            "borderBottomWidth": "0px",
            "borderLeftColor": "rgba(0,175,255,1.00)",
            "borderLeftStyle": "solid",
            "borderLeftWidth": "0px",
            "borderRightColor": "rgba(0,175,255,1.00)",
            "borderRightStyle": "solid",
            "borderRightWidth": "0px",
            "borderTopColor": "rgba(0,175,255,1.00)",
            "borderTopLeftRadius": "50px",
            "borderTopRightRadius": "50px",
            "borderTopStyle": "solid",
            "borderTopWidth": "0px",
            "boxShadow": "0px 0.75px 1.5px rgba(0,0,0,0.24)",
            "display": "flex",
            "marginBottom": "0px",
            "marginLeft": "0px",
            "marginRight": "0px",
            "marginTop": "0px",
            "minHeight": "44px",
            "minWidth": "64px",
            "msFlexAlign": "stretch",
            "paddingBottom": "0px",
            "paddingLeft": "0px",
            "paddingRight": "0px",
            "paddingTop": "0px",
          }
        }
      >
        <div
          className="css-cursor-18t94o4 css-view-1dbjc4n r-cursor-1loqt21 r-flex-13awgt0 r-overflow-1udh08x r-position-bnwqim r-touchAction-1otgn73"
          data-focusable={true}
          disabled={false}
          onKeyDown={[Function]}
          onKeyPress={[Function]}
          onKeyUp={[Function]}
          onResponderGrant={[Function]}
          onResponderMove={[Function]}
          onResponderRelease={[Function]}
          onResponderTerminate={[Function]}
          onResponderTerminationRequest={[Function]}
          onStartShouldSetResponder={[Function]}
          role="button"
          style={
            Object {
              "WebkitAlignSelf": "stretch",
              "alignSelf": "stretch",
              "borderBottomLeftRadius": "50px",
              "borderBottomRightRadius": "50px",
              "borderTopLeftRadius": "50px",
              "borderTopRightRadius": "50px",
              "msFlexItemAlign": "stretch",
            }
          }
          tabIndex="0"
        >
          <div
            className="css-view-1dbjc4n r-alignItems-1awozwy r-flex-13awgt0 r-flexDirection-18u37iz r-justifyContent-1777fci"
            style={
              Object {
                "WebkitAlignSelf": "stretch",
                "alignSelf": "stretch",
                "msFlexItemAlign": "stretch",
              }
            }
          >
            <div
              className="css-view-1dbjc4n r-marginHorizontal-1ydw1k6 r-marginVertical-712mwr"
            >
              <div
                className="css-view-1dbjc4n r-alignItems-1awozwy r-flex-13awgt0 r-flexDirection-18u37iz"
                style={
                  Object {
                    "display": "flex",
                  }
                }
              >
                <div
                  className="css-text-901oao r-alignItems-1awozwy r-justifyContent-1777fci"
                  dir="auto"
                  style={
                    Object {
                      "color": "rgba(255,255,255,1.00)",
                      "fontFamily": "Roboto",
                      "fontSize": "16px",
                      "fontWeight": "500",
                      "letterSpacing": "0px",
                      "lineHeight": "22px",
                      "paddingTop": "1px",
                      "textAlign": "center",
                      "textDecoration": "none",
                      "textTransform": "uppercase",
                    }
                  }
                >
                  Copy to Clipboard
                </div>
              </div>
            </div>
          </div>
        </div>
      </div>
    </div>
  </div>
</div>
`;
