// Jest Snapshot v1, https://goo.gl/fbAQLP

exports[`SendConfirmation matches snapshot 1`] = `
<div
  className="css-view-1dbjc4n r-flex-13awgt0 r-pointerEvents-12vffkv"
>
  <div
    className="css-view-1dbjc4n r-position-bnwqim"
    data-name="viewWrapper"
    style={
      Object {
        "WebkitBoxDirection": "normal",
        "WebkitBoxFlex": 1,
        "WebkitBoxOrient": "vertical",
        "WebkitFlexDirection": "column",
        "WebkitFlexGrow": 1,
        "backgroundImage": "linear-gradient(3.141592653589793rad,#00AFFF,#2DC0F7,#28C0EF,#23C0E7,#1EC1DF,#19C1D7,#14C1CF,#0FC2C7,#0FC2C7,#0AC2BF,#05C2B7,#00C3AF)",
        "display": "flex",
        "flexDirection": "column",
        "flexGrow": 1,
        "maxHeight": "844px",
        "msFlexDirection": "column",
        "msFlexPositive": 1,
        "paddingBottom": "8px",
        "paddingLeft": "8px",
        "paddingRight": "8px",
        "paddingTop": "8px",
        "width": "100%",
      }
    }
  >
    <div
      className="css-view-1dbjc4n"
      style={
        Object {
          "WebkitBoxDirection": "normal",
          "WebkitBoxFlex": 1,
          "WebkitBoxOrient": "vertical",
          "WebkitBoxPack": "justify",
          "WebkitFlexDirection": "column",
          "WebkitFlexGrow": 1,
          "WebkitJustifyContent": "space-between",
          "backgroundColor": "rgba(255,255,255,1.00)",
          "borderBottomLeftRadius": "5px",
          "borderBottomRightRadius": "5px",
          "borderTopLeftRadius": "5px",
          "borderTopRightRadius": "5px",
          "display": "flex",
          "flexDirection": "column",
          "flexGrow": 1,
          "justifyContent": "space-between",
          "msFlexDirection": "column",
          "msFlexPack": "justify",
          "msFlexPositive": 1,
          "paddingBottom": "16px",
          "paddingLeft": "12px",
          "paddingRight": "12px",
          "paddingTop": "16px",
        }
      }
    >
      <div
        className="css-view-1dbjc4n"
        style={
          Object {
            "WebkitAlignItems": "stretch",
            "WebkitBoxAlign": "stretch",
            "WebkitBoxDirection": "normal",
            "WebkitBoxOrient": "vertical",
            "WebkitBoxPack": "justify",
            "WebkitFlexDirection": "column",
            "WebkitJustifyContent": "space-between",
            "alignItems": "stretch",
            "flexDirection": "column",
            "justifyContent": "space-between",
            "marginTop": "auto",
            "msFlexAlign": "stretch",
            "msFlexDirection": "column",
            "msFlexPack": "justify",
          }
        }
      >
        <div
          className="css-text-901oao r-alignItems-1awozwy r-justifyContent-1777fci"
          dir="auto"
          style={
            Object {
              "color": "rgba(66,69,74,1.00)",
              "display": "flex",
              "fontFamily": "Roboto",
              "fontSize": "22px",
              "fontWeight": "700",
              "lineHeight": "30px",
              "marginBottom": "16px",
              "textAlign": "center",
              "textDecoration": "none",
              "textTransform": "none",
            }
          }
        >
          Complete Your Transaction:
        </div>
        <div
          className="css-view-1dbjc4n"
          style={
            Object {
              "WebkitAlignItems": "stretch",
              "WebkitBoxAlign": "stretch",
              "WebkitBoxDirection": "normal",
              "WebkitBoxOrient": "vertical",
              "WebkitBoxPack": "start",
              "WebkitFlexDirection": "column",
              "WebkitJustifyContent": "flex-start",
              "alignItems": "stretch",
              "display": "flex",
              "flexDirection": "column",
              "justifyContent": "flex-start",
              "marginLeft": "auto",
              "marginRight": "auto",
              "msFlexAlign": "stretch",
              "msFlexDirection": "column",
              "msFlexPack": "start",
              "textAlign": "left",
            }
          }
        >
          <div
            className="css-text-901oao"
            dir="auto"
            letterSpacing={0.16}
            style={
              Object {
                "color": "rgba(66,69,74,1.00)",
                "fontFamily": "Roboto",
                "fontSize": "16px",
                "fontWeight": "500",
                "letterSpacing": "0.16px",
                "lineHeight": "28px",
                "textAlign": "left",
                "textDecoration": "none",
                "textTransform": "none",
              }
            }
          >
            <span
              className="css-text-901oao css-textHasAncestor-16my406"
              dir="auto"
              letterSpacing={0.16}
              style={
                Object {
                  "color": "rgba(66,69,74,1.00)",
                  "fontFamily": "Roboto",
                  "fontSize": "16px",
                  "fontWeight": "700",
                  "letterSpacing": "0.16px",
                  "lineHeight": "28px",
                  "textAlign": "left",
                  "textDecoration": "none",
                  "textTransform": "none",
                }
              }
            >
              1. 
            </span>
            Copy the link below
          </div>
          <div
            className="css-text-901oao"
            dir="auto"
            letterSpacing={0.16}
            style={
              Object {
                "color": "rgba(66,69,74,1.00)",
                "fontFamily": "Roboto",
                "fontSize": "16px",
                "fontWeight": "500",
                "letterSpacing": "0.16px",
                "lineHeight": "28px",
                "textAlign": "left",
                "textDecoration": "none",
                "textTransform": "none",
              }
            }
          >
            <span
              className="css-text-901oao css-textHasAncestor-16my406"
              dir="auto"
              letterSpacing={0.16}
              style={
                Object {
                  "color": "rgba(66,69,74,1.00)",
                  "fontFamily": "Roboto",
                  "fontSize": "16px",
                  "fontWeight": "700",
                  "letterSpacing": "0.16px",
                  "lineHeight": "28px",
                  "textAlign": "left",
                  "textDecoration": "none",
                  "textTransform": "none",
                }
              }
            >
              2. 
            </span>
            Share it with sender
          </div>
          <div
            className="css-text-901oao"
            dir="auto"
            letterSpacing={0.16}
            style={
              Object {
                "color": "rgba(66,69,74,1.00)",
                "fontFamily": "Roboto",
                "fontSize": "16px",
                "fontWeight": "500",
                "letterSpacing": "0.16px",
                "lineHeight": "28px",
                "textAlign": "left",
                "textDecoration": "none",
                "textTransform": "none",
              }
            }
          >
            <span
              className="css-text-901oao css-textHasAncestor-16my406"
              dir="auto"
              letterSpacing={0.16}
              style={
                Object {
                  "color": "rgba(66,69,74,1.00)",
                  "fontFamily": "Roboto",
                  "fontSize": "16px",
                  "fontWeight": "700",
                  "letterSpacing": "0.16px",
                  "lineHeight": "28px",
                  "textAlign": "left",
                  "textDecoration": "none",
                  "textTransform": "none",
                }
              }
            >
              3. 
            </span>
            Sender approves request
          </div>
          <div
            className="css-text-901oao"
            dir="auto"
            letterSpacing={0.16}
            style={
              Object {
                "color": "rgba(66,69,74,1.00)",
                "fontFamily": "Roboto",
                "fontSize": "16px",
                "fontWeight": "500",
                "letterSpacing": "0.16px",
                "lineHeight": "28px",
                "textAlign": "left",
                "textDecoration": "none",
                "textTransform": "none",
              }
            }
          >
            <span
              className="css-text-901oao css-textHasAncestor-16my406"
              dir="auto"
              letterSpacing={0.16}
              style={
                Object {
                  "color": "rgba(66,69,74,1.00)",
                  "fontFamily": "Roboto",
                  "fontSize": "16px",
                  "fontWeight": "700",
                  "letterSpacing": "0.16px",
                  "lineHeight": "28px",
                  "textAlign": "left",
                  "textDecoration": "none",
                  "textTransform": "none",
                }
              }
            >
              4. 
            </span>
            GoodDollars are transferred
          </div>
        </div>
      </div>
      <div
        className="css-view-1dbjc4n r-alignItems-1awozwy"
        style={
          Object {
            "height": "187.01298701298703px",
            "marginTop": "auto",
            "width": "100%",
          }
        }
      >
        <confirmTransaction.svg />
      </div>
      <div
        className="css-view-1dbjc4n"
        style={
          Object {
            "marginTop": "auto",
          }
        }
      >
        <div
          className="css-view-1dbjc4n r-justifyContent-1777fci"
          style={
            Object {
              "WebkitAlignItems": "stretch",
              "WebkitBoxAlign": "stretch",
              "alignItems": "stretch",
              "backgroundColor": "rgba(0,175,255,1.00)",
              "borderBottomColor": "rgba(0,175,255,1.00)",
              "borderBottomLeftRadius": "50px",
              "borderBottomRightRadius": "50px",
              "borderBottomStyle": "solid",
              "borderBottomWidth": "0px",
              "borderLeftColor": "rgba(0,175,255,1.00)",
              "borderLeftStyle": "solid",
              "borderLeftWidth": "0px",
              "borderRightColor": "rgba(0,175,255,1.00)",
              "borderRightStyle": "solid",
              "borderRightWidth": "0px",
              "borderTopColor": "rgba(0,175,255,1.00)",
              "borderTopLeftRadius": "50px",
              "borderTopRightRadius": "50px",
              "borderTopStyle": "solid",
              "borderTopWidth": "0px",
              "boxShadow": "0px 0.75px 1.5px rgba(0,0,0,0.24)",
              "display": "flex",
              "marginBottom": "0px",
              "marginLeft": "0px",
              "marginRight": "0px",
              "marginTop": "0px",
              "minHeight": "44px",
              "minWidth": "64px",
              "msFlexAlign": "stretch",
              "paddingBottom": "0px",
              "paddingLeft": "0px",
              "paddingRight": "0px",
              "paddingTop": "0px",
            }
          }
        >
          <div
            className="css-cursor-18t94o4 css-view-1dbjc4n r-cursor-1loqt21 r-flex-13awgt0 r-overflow-1udh08x r-position-bnwqim r-touchAction-1otgn73"
            data-focusable={true}
            disabled={false}
            onKeyDown={[Function]}
            onKeyPress={[Function]}
            onKeyUp={[Function]}
            onResponderGrant={[Function]}
            onResponderMove={[Function]}
            onResponderRelease={[Function]}
            onResponderTerminate={[Function]}
            onResponderTerminationRequest={[Function]}
            onStartShouldSetResponder={[Function]}
            role="button"
            style={
              Object {
                "WebkitAlignSelf": "stretch",
                "alignSelf": "stretch",
                "borderBottomLeftRadius": "50px",
                "borderBottomRightRadius": "50px",
                "borderTopLeftRadius": "50px",
                "borderTopRightRadius": "50px",
                "msFlexItemAlign": "stretch",
              }
            }
            tabIndex="0"
          >
            <div
              className="css-view-1dbjc4n r-alignItems-1awozwy r-flex-13awgt0 r-flexDirection-18u37iz r-justifyContent-1777fci"
              style={
                Object {
                  "WebkitAlignSelf": "stretch",
                  "alignSelf": "stretch",
                  "msFlexItemAlign": "stretch",
                }
              }
            >
              <div
                className="css-view-1dbjc4n r-marginHorizontal-1ydw1k6 r-marginVertical-712mwr"
              >
                <div
                  className="css-view-1dbjc4n r-alignItems-1awozwy r-flex-13awgt0 r-flexDirection-18u37iz"
                  style={
                    Object {
                      "display": "flex",
                    }
                  }
                >
                  <div
                    className="css-text-901oao"
                    dir="auto"
                    style={
                      Object {
                        "color": "rgba(255,255,255,1.00)",
                        "fontFamily": "gooddollar",
                        "fontSize": "25px",
                        "fontStyle": "normal",
                        "fontWeight": "normal",
                        "marginRight": "10px",
                      }
                    }
                  >
                    
                  </div>
                  <div
                    className="css-text-901oao"
                    dir="auto"
                    size={14}
                    style={
                      Object {
                        "color": "rgba(255,255,255,1.00)",
                        "fontFamily": "Roboto",
                        "fontSize": "16px",
                        "fontWeight": "700",
                        "lineHeight": "22px",
                        "textAlign": "center",
                        "textDecoration": "none",
                        "textTransform": "none",
                      }
                    }
                  >
                    COPY LINK TO CLIPBOARD
                  </div>
                </div>
              </div>
            </div>
          </div>
        </div>
      </div>
    </div>
  </div>
</div>
`;
