// Jest Snapshot v1, https://goo.gl/fbAQLP

exports[`Who matches snapshot 1`] = `
<div
  className="css-view-1dbjc4n r-flex-13awgt0 r-pointerEvents-12vffkv"
>
  <div
    className="css-view-1dbjc4n"
    style={
      Object {
        "WebkitBoxFlex": 1,
        "WebkitFlexGrow": 1,
        "display": "flex",
        "flexGrow": 1,
        "height": "100%",
        "msFlexPositive": 1,
        "width": "100%",
      }
    }
  >
    <div
      className="css-view-1dbjc4n r-position-bnwqim"
      data-name="viewWrapper"
      style={
        Object {
          "WebkitBoxDirection": "normal",
          "WebkitBoxFlex": 1,
          "WebkitBoxOrient": "vertical",
          "WebkitFlexDirection": "column",
          "WebkitFlexGrow": 1,
          "backgroundImage": "linear-gradient(3.141592653589793rad,#00AFFF,#2DC0F7,#28C0EF,#23C0E7,#1EC1DF,#19C1D7,#14C1CF,#0FC2C7,#0FC2C7,#0AC2BF,#05C2B7,#00C3AF)",
          "display": "flex",
          "flexDirection": "column",
          "flexGrow": 1,
          "maxHeight": "844px",
          "msFlexDirection": "column",
          "msFlexPositive": 1,
          "paddingBottom": "8px",
          "paddingLeft": "8px",
          "paddingRight": "8px",
          "paddingTop": "8px",
          "width": "100%",
        }
      }
    >
      <div
        className="css-view-1dbjc4n r-height-yivrw8 r-justifyContent-1777fci r-marginBottom-5oul0u r-paddingBottom-xd6kpl r-paddingLeft-f727ji r-paddingRight-1pyaxff r-paddingTop-tskmnb"
        style={
          Object {
            "backgroundColor": "rgba(255,255,255,1.00)",
            "borderBottomLeftRadius": "5px",
            "borderBottomRightRadius": "5px",
            "borderTopLeftRadius": "5px",
            "borderTopRightRadius": "5px",
            "paddingBottom": "16px",
            "paddingLeft": "12px",
            "paddingRight": "12px",
            "paddingTop": "16px",
          }
        }
      >
        <div
          className="css-view-1dbjc4n r-alignItems-1awozwy r-flexDirection-18u37iz"
          style={
            Object {
              "WebkitBoxPack": "justify",
              "WebkitJustifyContent": "space-between",
              "justifyContent": "space-between",
              "msFlexPack": "justify",
            }
          }
        >
          <div
            className="css-view-1dbjc4n r-flexDirection-18u37iz"
            style={
              Object {
                "WebkitAlignItems": "baseline",
                "WebkitBoxAlign": "baseline",
                "alignItems": "baseline",
                "display": "flex",
                "msFlexAlign": "baseline",
              }
            }
          >
            <div
              className="css-text-901oao"
              dir="auto"
              style={
                Object {
                  "color": "rgba(85,85,85,1.00)",
                  "fontFamily": "Roboto Slab",
                  "fontSize": "36px",
                  "fontWeight": "700",
                  "lineHeight": "36px",
                  "marginRight": "2px",
                  "textAlign": "right",
                  "textDecoration": "none",
                  "textTransform": "none",
                }
              }
            >
              -.--
            </div>
            <div
              className="css-view-1dbjc4n r-alignItems-1awozwy r-flexDirection-18u37iz"
              style={
                Object {
                  "WebkitBoxPack": "justify",
                  "WebkitJustifyContent": "space-between",
                  "justifyContent": "space-between",
                  "msFlexPack": "justify",
                }
              }
            >
              <div
                className="css-text-901oao"
                dir="auto"
                style={
                  Object {
                    "color": "rgba(85,85,85,1.00)",
                    "fontFamily": "Roboto Slab",
                    "fontSize": "18px",
                    "fontWeight": "700",
                    "lineHeight": "22px",
                    "textAlign": "right",
                    "textDecoration": "none",
                    "textTransform": "none",
                  }
                }
              >
                G
              </div>
              <div
                className="css-text-901oao"
                dir="auto"
                style={
                  Object {
                    "color": "rgba(85,85,85,1.00)",
                    "fontFamily": "Roboto Slab",
                    "fontSize": "17.5px",
                    "fontWeight": "700",
                    "lineHeight": "22px",
                    "textAlign": "right",
                    "textDecoration": "none",
                    "textTransform": "none",
                  }
                }
              >
                $
              </div>
            </div>
          </div>
          <div
            className="css-view-1dbjc4n r-cursor-1loqt21 r-touchAction-1otgn73 r-transitionDuration-eafdt9 r-transitionProperty-1i6wzkk r-userSelect-lrvibr"
            data-focusable={true}
            onKeyDown={[Function]}
            onKeyUp={[Function]}
            onResponderGrant={[Function]}
            onResponderMove={[Function]}
            onResponderRelease={[Function]}
            onResponderTerminate={[Function]}
            onResponderTerminationRequest={[Function]}
            onStartShouldSetResponder={[Function]}
            tabIndex="0"
          >
            <div
              className="css-view-1dbjc4n r-alignItems-1awozwy"
              style={
                Object {
                  "display": "flex",
                  "marginRight": "20px",
                }
              }
            >
              <div
                className="css-view-1dbjc4n r-alignItems-1awozwy r-justifyContent-1777fci"
                style={
                  Object {
                    "backgroundColor": "rgba(12,38,61,1.00)",
                    "borderBottomLeftRadius": "50%",
                    "borderBottomRightRadius": "50%",
                    "borderTopLeftRadius": "50%",
                    "borderTopRightRadius": "50%",
                    "display": "flex",
                    "height": "30px",
                    "marginBottom": "5px",
                    "width": "30px",
                  }
                }
              >
                <div
                  className="css-text-901oao"
                  dir="auto"
                  style={
                    Object {
                      "color": "rgba(255,255,255,1.00)",
                      "fontFamily": "gooddollar",
                      "fontSize": "22px",
                      "fontStyle": "normal",
                      "fontWeight": "normal",
                    }
                  }
                >
                  î ­
                </div>
              </div>
              <div
                className="css-text-901oao"
                dir="auto"
                style={
                  Object {
                    "color": "rgba(12,38,61,1.00)",
                    "fontFamily": "Roboto",
                    "fontSize": "10px",
                    "fontWeight": "500",
                    "lineHeight": "11px",
                    "textAlign": "center",
                    "textDecoration": "none",
                    "textTransform": "none",
                  }
                }
              >
                Scan QR Code
              </div>
            </div>
          </div>
        </div>
      </div>
      <div
        className="css-view-1dbjc4n"
        style={
          Object {
            "WebkitBoxFlex": 1,
            "WebkitFlexGrow": 1,
            "backgroundColor": "rgba(255,255,255,1.00)",
            "borderBottomLeftRadius": "5px",
            "borderBottomRightRadius": "5px",
            "borderTopLeftRadius": "5px",
            "borderTopRightRadius": "5px",
            "flexGrow": 1,
            "msFlexPositive": 1,
            "paddingBottom": "16px",
            "paddingLeft": "12px",
            "paddingRight": "12px",
            "paddingTop": "16px",
          }
        }
      >
        <div
          className="css-view-1dbjc4n"
          style={
            Object {
              "WebkitAlignItems": "stretch",
              "WebkitBoxAlign": "stretch",
              "WebkitBoxDirection": "normal",
              "WebkitBoxOrient": "vertical",
              "WebkitBoxPack": "justify",
              "WebkitFlexDirection": "column",
              "WebkitJustifyContent": "space-around",
              "alignItems": "stretch",
              "flexDirection": "column",
              "height": "180px",
              "justifyContent": "space-around",
              "minHeight": "180px",
              "msFlexAlign": "stretch",
              "msFlexDirection": "column",
              "msFlexPack": "distribute",
            }
          }
        >
          <div
            className="css-text-901oao"
            dir="auto"
            style={
              Object {
                "color": "rgba(66,69,74,1.00)",
                "fontFamily": "Roboto",
                "fontSize": "24px",
                "fontWeight": "500",
                "lineHeight": "30px",
                "marginBottom": "8px",
                "marginTop": "8px",
                "textAlign": "center",
                "textDecoration": "none",
                "textTransform": "uppercase",
              }
            }
          >
            Send To?
          </div>
          <div
            className="css-view-1dbjc4n r-marginBottom-5oul0u"
            style={
              Object {
                "width": "100%",
              }
            }
          >
            <div
              className="css-view-1dbjc4n r-marginBottom-5oul0u"
              style={
                Object {
                  "width": "100%",
                }
              }
            >
              <input
                autoCapitalize="sentences"
                autoComplete="on"
                autoCorrect="on"
                autoFocus={true}
                className="css-textinput-1cwyjr8 r-placeholderTextColor-1xktb6b"
                data-focusable={true}
                dir="auto"
                maxLength={128}
                onBlur={[Function]}
                onChange={[Function]}
                onFocus={[Function]}
                onKeyDown={[Function]}
                onKeyPress={[Function]}
                onSelect={[Function]}
                onTouchStart={[Function]}
                placeholder="Enter the recipient name"
                readOnly={false}
                spellCheck={true}
                style={
                  Object {
                    "backgroundColor": "rgba(255,255,255,1.00)",
                    "borderBottomColor": "rgba(66,69,74,1.00)",
                    "borderBottomStyle": "solid",
                    "borderBottomWidth": "1px",
                    "color": "rgba(66,69,74,1.00)",
                    "fontFamily": "Roboto Slab",
                    "fontSize": "18px",
                    "marginTop": "auto",
                    "paddingBottom": "4px",
                    "paddingLeft": "32px",
                    "paddingRight": "32px",
                    "paddingTop": "4px",
                    "textAlign": "center",
                  }
                }
                type="text"
              />
            </div>
            <div
              className="css-text-901oao"
              dir="auto"
              style={
                Object {
                  "WebkitTransform": "translateY(0px)",
                  "color": "rgba(250,108,119,1.00)",
                  "direction": "ltr",
                  "fontFamily": "Roboto, \\"Helvetica Neue\\", Helvetica, Arial, sans-serif",
                  "fontSize": "12px",
                  "fontWeight": "400",
                  "height": "18px",
                  "opacity": 0,
                  "paddingBottom": "0px",
                  "paddingLeft": "0px",
                  "paddingRight": "12px",
                  "paddingTop": "0px",
                  "textAlign": "center",
                  "transform": "translateY(0px)",
                }
              }
            />
          </div>
        </div>
        <div
          className="css-view-1dbjc4n r-flexDirection-18u37iz"
          style={
            Object {
              "WebkitAlignItems": "flex-end",
              "WebkitBoxAlign": "end",
              "WebkitBoxFlex": 1,
              "WebkitBoxPack": "justify",
              "WebkitFlexGrow": 1,
              "WebkitJustifyContent": "space-between",
              "alignItems": "flex-end",
              "flexGrow": 1,
              "justifyContent": "space-between",
              "msFlexAlign": "end",
              "msFlexPack": "justify",
              "msFlexPositive": 1,
            }
          }
        >
          <div
            className="css-view-1dbjc4n r-alignItems-1awozwy r-flexDirection-18u37iz"
            style={
              Object {
                "WebkitBoxFlex": 1,
                "WebkitBoxPack": "start",
                "WebkitFlexGrow": 1,
                "WebkitJustifyContent": "flex-start",
                "flexGrow": 1,
                "justifyContent": "flex-start",
                "msFlexPack": "start",
                "msFlexPositive": 1,
              }
            }
          >
            <div
              className="css-view-1dbjc4n r-justifyContent-1777fci"
              style={
                Object {
                  "WebkitAlignItems": "stretch",
                  "WebkitBoxAlign": "stretch",
                  "alignItems": "stretch",
                  "backgroundColor": "rgba(0,0,0,0.00)",
                  "borderBottomColor": "rgba(0,175,255,1.00)",
                  "borderBottomLeftRadius": "50px",
                  "borderBottomRightRadius": "50px",
                  "borderBottomStyle": "solid",
                  "borderBottomWidth": "0px",
                  "borderLeftColor": "rgba(0,175,255,1.00)",
                  "borderLeftStyle": "solid",
                  "borderLeftWidth": "0px",
                  "borderRightColor": "rgba(0,175,255,1.00)",
                  "borderRightStyle": "solid",
                  "borderRightWidth": "0px",
                  "borderTopColor": "rgba(0,175,255,1.00)",
                  "borderTopLeftRadius": "50px",
                  "borderTopRightRadius": "50px",
                  "borderTopStyle": "solid",
                  "borderTopWidth": "0px",
                  "display": "flex",
                  "marginBottom": "0px",
                  "marginLeft": "0px",
                  "marginRight": "0px",
                  "marginTop": "0px",
                  "minHeight": "44px",
                  "minWidth": "auto",
                  "msFlexAlign": "stretch",
                  "paddingBottom": "0px",
                  "paddingLeft": "0px",
                  "paddingRight": "0px",
                  "paddingTop": "0px",
                }
              }
            >
              <div
                className="css-cursor-18t94o4 css-view-1dbjc4n r-cursor-1loqt21 r-flex-13awgt0 r-overflow-1udh08x r-position-bnwqim r-touchAction-1otgn73"
                data-focusable={true}
                disabled={false}
                onKeyDown={[Function]}
                onKeyPress={[Function]}
                onKeyUp={[Function]}
                onResponderGrant={[Function]}
                onResponderMove={[Function]}
                onResponderRelease={[Function]}
                onResponderTerminate={[Function]}
                onResponderTerminationRequest={[Function]}
                onStartShouldSetResponder={[Function]}
                role="button"
                style={
                  Object {
                    "WebkitAlignSelf": "stretch",
                    "alignSelf": "stretch",
                    "borderBottomLeftRadius": "50px",
                    "borderBottomRightRadius": "50px",
                    "borderTopLeftRadius": "50px",
                    "borderTopRightRadius": "50px",
                    "msFlexItemAlign": "stretch",
                  }
                }
                tabIndex="0"
              >
                <div
                  className="css-view-1dbjc4n r-alignItems-1awozwy r-flex-13awgt0 r-flexDirection-18u37iz r-justifyContent-1777fci"
                  style={
                    Object {
                      "WebkitAlignSelf": "stretch",
                      "alignSelf": "stretch",
                      "msFlexItemAlign": "stretch",
                    }
                  }
                >
                  <div
                    className="css-view-1dbjc4n r-marginHorizontal-1ybube5 r-marginVertical-712mwr"
                  >
                    <div
                      className="css-view-1dbjc4n r-alignItems-1awozwy r-flex-13awgt0 r-flexDirection-18u37iz"
                      style={
                        Object {
                          "display": "flex",
                        }
                      }
                    >
                      <div
                        className="css-text-901oao r-alignItems-1awozwy r-justifyContent-1777fci"
                        dir="auto"
                        style={
                          Object {
                            "color": "rgba(163,163,163,1.00)",
                            "fontFamily": "Roboto",
                            "fontSize": "14px",
                            "fontWeight": "500",
                            "letterSpacing": "0px",
                            "lineHeight": "22px",
                            "paddingTop": "1px",
                            "textAlign": "center",
                            "textDecoration": "none",
                            "textTransform": "none",
                          }
                        }
                      >
                        Cancel
                      </div>
                    </div>
                  </div>
                </div>
              </div>
            </div>
          </div>
          <div
            className="css-view-1dbjc4n"
            style={
              Object {
                "WebkitAlignItems": "stretch",
                "WebkitBoxAlign": "stretch",
                "WebkitBoxDirection": "normal",
                "WebkitBoxFlex": 3,
                "WebkitBoxOrient": "vertical",
                "WebkitBoxPack": "justify",
                "WebkitFlexDirection": "column",
                "WebkitFlexGrow": 3,
                "WebkitJustifyContent": "space-between",
                "alignItems": "stretch",
                "flexDirection": "column",
                "flexGrow": 3,
                "justifyContent": "space-between",
                "msFlexAlign": "stretch",
                "msFlexDirection": "column",
                "msFlexPack": "justify",
                "msFlexPositive": 3,
              }
            }
          >
            <div
              className="css-view-1dbjc4n r-justifyContent-1777fci"
              style={
                Object {
                  "WebkitAlignItems": "stretch",
                  "WebkitBoxAlign": "stretch",
                  "WebkitBoxFlex": 2,
                  "WebkitFlexBasis": "0%",
                  "WebkitFlexGrow": 2,
                  "WebkitFlexShrink": 1,
                  "alignItems": "stretch",
                  "backgroundColor": "rgba(0,0,0,0.12)",
                  "borderBottomColor": "rgba(0,175,255,1.00)",
                  "borderBottomLeftRadius": "50px",
                  "borderBottomRightRadius": "50px",
                  "borderBottomStyle": "solid",
                  "borderBottomWidth": "0px",
                  "borderLeftColor": "rgba(0,175,255,1.00)",
                  "borderLeftStyle": "solid",
                  "borderLeftWidth": "0px",
                  "borderRightColor": "rgba(0,175,255,1.00)",
                  "borderRightStyle": "solid",
                  "borderRightWidth": "0px",
                  "borderTopColor": "rgba(0,175,255,1.00)",
                  "borderTopLeftRadius": "50px",
                  "borderTopRightRadius": "50px",
                  "borderTopStyle": "solid",
                  "borderTopWidth": "0px",
                  "display": "flex",
                  "flexBasis": "0%",
                  "flexGrow": 2,
                  "flexShrink": 1,
                  "marginBottom": "0px",
                  "marginLeft": "0px",
                  "marginRight": "0px",
                  "marginTop": "0px",
                  "minHeight": "44px",
                  "minWidth": "64px",
                  "msFlexAlign": "stretch",
                  "msFlexNegative": 1,
                  "msFlexPositive": 2,
                  "msFlexPreferredSize": "0%",
                  "paddingBottom": "0px",
                  "paddingLeft": "0px",
                  "paddingRight": "0px",
                  "paddingTop": "0px",
                }
              }
            >
              <div
                aria-disabled={true}
                className="css-view-1dbjc4n r-flex-13awgt0 r-overflow-1udh08x r-position-bnwqim"
                disabled={true}
                onKeyDown={[Function]}
                onKeyUp={[Function]}
                onResponderGrant={[Function]}
                onResponderMove={[Function]}
                onResponderTerminate={[Function]}
                onResponderTerminationRequest={[Function]}
                onStartShouldSetResponder={[Function]}
                role="button"
                style={
                  Object {
                    "WebkitAlignSelf": "stretch",
                    "alignSelf": "stretch",
                    "borderBottomLeftRadius": "50px",
                    "borderBottomRightRadius": "50px",
                    "borderTopLeftRadius": "50px",
                    "borderTopRightRadius": "50px",
                    "msFlexItemAlign": "stretch",
                  }
                }
              >
                <div
                  className="css-view-1dbjc4n r-alignItems-1awozwy r-flex-13awgt0 r-flexDirection-18u37iz r-justifyContent-1777fci"
                  style={
                    Object {
                      "WebkitAlignSelf": "stretch",
                      "alignSelf": "stretch",
                      "msFlexItemAlign": "stretch",
                    }
                  }
                >
                  <div
                    className="css-view-1dbjc4n r-marginHorizontal-1ydw1k6 r-marginVertical-712mwr"
                  >
                    <div
                      className="css-view-1dbjc4n r-alignItems-1awozwy r-flex-13awgt0 r-flexDirection-18u37iz"
                      style={
                        Object {
                          "display": "flex",
                        }
                      }
                    >
                      <div
                        className="css-text-901oao r-alignItems-1awozwy r-justifyContent-1777fci"
                        dir="auto"
                        style={
                          Object {
                            "color": "rgba(255,255,255,1.00)",
                            "fontFamily": "Roboto",
                            "fontSize": "16px",
                            "fontWeight": "500",
                            "letterSpacing": "0px",
                            "lineHeight": "22px",
                            "paddingTop": "1px",
                            "textAlign": "center",
                            "textDecoration": "none",
                            "textTransform": "uppercase",
                          }
                        }
                      >
                        Next
                      </div>
                    </div>
                  </div>
                </div>
              </div>
            </div>
          </div>
        </div>
      </div>
    </div>
  </div>
</div>
`;
