// Jest Snapshot v1, https://goo.gl/fbAQLP

exports[`EventIcon - Receive matches snapshot 1`] = `
<div
  className="css-text-901oao"
  containerStyle={
    Object {
      "marginRight": 0,
    }
  }
  dir="auto"
  style={
    Object {
      "fontFamily": "gooddollar",
      "fontSize": "34px",
      "fontStyle": "normal",
      "fontWeight": "normal",
    }
  }
>
  
</div>
`;

exports[`EventIcon - Send matches snapshot 1`] = `
<div
  className="css-text-901oao"
  containerStyle={
    Object {
      "marginRight": 0,
    }
  }
  dir="auto"
  style={
    Object {
      "fontFamily": "gooddollar",
      "fontSize": "34px",
      "fontStyle": "normal",
      "fontWeight": "normal",
    }
  }
>
  
</div>
`;

exports[`EventIcon - Withdraw matches snapshot 1`] = `
<div
  className="css-text-901oao"
  containerStyle={
    Object {
      "marginRight": 0,
    }
  }
  dir="auto"
  style={
    Object {
      "fontFamily": "gooddollar",
      "fontSize": "34px",
      "fontStyle": "normal",
      "fontWeight": "normal",
    }
  }
>
  
</div>
`;
