// Jest Snapshot v1, https://goo.gl/fbAQLP

exports[`SwitchToChromeOrSafari matches snapshot 1`] = `
<div
  className="css-view-1dbjc4n r-flex-13awgt0 r-pointerEvents-12vffkv"
>
  <div
    className="css-view-1dbjc4n"
    style={
      Object {
        "WebkitBoxPack": "justify",
        "WebkitJustifyContent": "space-around",
        "display": "flex",
        "justifyContent": "space-around",
        "marginBottom": "auto",
        "marginTop": "auto",
        "maxHeight": "100%",
        "minHeight": "310px",
        "msFlexPack": "distribute",
      }
    }
  >
    <div
      className="css-view-1dbjc4n r-flex-13awgt0"
      style={
        Object {
          "WebkitAlignSelf": "center",
          "WebkitBoxDirection": "normal",
          "WebkitBoxOrient": "horizontal",
          "WebkitBoxPack": "center",
          "WebkitFlexDirection": "row",
          "WebkitJustifyContent": "center",
          "alignSelf": "center",
          "flexDirection": "row",
          "justifyContent": "center",
          "msFlexDirection": "row",
          "msFlexItemAlign": "center",
          "msFlexPack": "center",
        }
      }
    >
      <div
        className="css-view-1dbjc4n r-flexBasis-1mlwlqe r-overflow-1udh08x r-width-13qz1uu r-zIndex-417010"
        style={
          Object {
            "WebkitAlignSelf": "center",
            "alignSelf": "center",
            "height": "154.5974025974026px",
            "marginBottom": "19.948051948051948px",
            "marginTop": "8px",
            "msFlexItemAlign": "center",
          }
        }
      >
        <div
          className="css-view-1dbjc4n r-backgroundColor-1niwhzg r-backgroundPosition-vvn4in r-backgroundRepeat-u6sd8q r-backgroundSize-ehq7j7 r-bottom-1p0dtai r-height-1pi2tsx r-left-1d2f490 r-position-u8s1d r-right-zchlnj r-top-ipm5af r-width-13qz1uu r-zIndex-1wyyakw"
          style={
            Object {
              "backgroundImage": "url(\\"UnsuportedBrowser.svg\\")",
            }
          }
        />
        <img
          alt=""
          className="css-accessibilityImage-9pa8cd"
          draggable={false}
          src="UnsuportedBrowser.svg"
        />
      </div>
    </div>
    <div
      className="css-text-901oao"
      dir="auto"
      style={
        Object {
          "color": "rgba(66,69,74,1.00)",
          "fontFamily": "Roboto Slab",
          "fontSize": "24px",
          "fontWeight": "700",
          "lineHeight": "30px",
          "marginBottom": "8px",
          "textAlign": "center",
          "textDecoration": "none",
          "textTransform": "none",
        }
      }
    >
      For best user
experience switch to
Chrome or Safari browsers
    </div>
  </div>
</div>
`;
