// Jest Snapshot v1, https://goo.gl/fbAQLP

exports[`UnsupportedBrowser matches snapshot 1`] = `
<div
  className="css-view-1dbjc4n r-flex-13awgt0 r-pointerEvents-12vffkv"
>
  <div
    className="css-view-1dbjc4n"
    style={
      Object {
        "WebkitBoxPack": "justify",
        "WebkitJustifyContent": "space-around",
        "display": "flex",
        "justifyContent": "space-around",
        "marginBottom": "auto",
        "marginTop": "auto",
        "maxHeight": "100%",
        "minHeight": "310px",
        "msFlexPack": "distribute",
      }
    }
  >
    <div
      className="css-view-1dbjc4n r-flex-13awgt0 r-flexDirection-18u37iz r-justifyContent-1777fci"
      style={
        Object {
          "WebkitAlignSelf": "center",
          "alignSelf": "center",
          "msFlexItemAlign": "center",
        }
      }
    >
      <div
        className="css-view-1dbjc4n r-flexBasis-1mlwlqe r-overflow-1udh08x r-width-13qz1uu r-zIndex-417010"
        style={
          Object {
            "WebkitAlignSelf": "center",
            "alignSelf": "center",
            "height": "154.5974025974026px",
            "marginBottom": "19.948051948051948px",
            "marginTop": "8px",
            "msFlexItemAlign": "center",
          }
        }
      >
        <div
          className="css-view-1dbjc4n r-backgroundColor-1niwhzg r-backgroundPosition-vvn4in r-backgroundRepeat-u6sd8q r-backgroundSize-ehq7j7 r-bottom-1p0dtai r-height-1pi2tsx r-left-1d2f490 r-position-u8s1d r-right-zchlnj r-top-ipm5af r-width-13qz1uu r-zIndex-1wyyakw"
          style={
            Object {
              "backgroundImage": "url(\\"UnsuportedBrowser.svg\\")",
            }
          }
        />
        <img
          alt=""
          className="css-accessibilityImage-9pa8cd"
          draggable={false}
          src="UnsuportedBrowser.svg"
        />
      </div>
    </div>
    <div
      className="css-text-901oao"
      dir="auto"
      style={
        Object {
          "color": "rgba(66,69,74,1.00)",
          "fontFamily": "Roboto Slab",
          "fontSize": "24px",
          "fontWeight": "700",
          "lineHeight": "30px",
          "marginBottom": "8px",
          "textAlign": "center",
          "textDecoration": "none",
          "textTransform": "none",
        }
      }
    >
      Oops! This browser isn't supported
    </div>
    <div
      className="css-text-901oao"
      dir="auto"
      style={
        Object {
          "color": "rgba(66,69,74,1.00)",
          "fontFamily": "Roboto",
          "fontSize": "24px",
          "fontWeight": "normal",
          "lineHeight": "22px",
          "textAlign": "center",
          "textDecoration": "none",
          "textTransform": "none",
        }
      }
    >
      Please switch to Chrome or Safari
    </div>
    <div
      className="css-view-1dbjc4n r-flexDirection-18u37iz"
      style={
        Object {
          "WebkitBoxPack": "end",
          "WebkitJustifyContent": "flex-end",
          "display": "flex",
          "justifyContent": "flex-end",
          "msFlexPack": "end",
          "paddingLeft": "0px",
          "paddingRight": "0px",
          "paddingTop": "19.948051948051948px",
        }
      }
    >
      <div
        className="css-view-1dbjc4n r-justifyContent-1777fci"
        style={
          Object {
            "WebkitAlignItems": "stretch",
            "WebkitBoxAlign": "stretch",
            "alignItems": "stretch",
            "backgroundColor": "rgba(0,175,255,1.00)",
            "borderBottomColor": "rgba(0,175,255,1.00)",
            "borderBottomLeftRadius": "50px",
            "borderBottomRightRadius": "50px",
            "borderBottomStyle": "solid",
            "borderBottomWidth": "0px",
            "borderLeftColor": "rgba(0,175,255,1.00)",
            "borderLeftStyle": "solid",
            "borderLeftWidth": "0px",
            "borderRightColor": "rgba(0,175,255,1.00)",
            "borderRightStyle": "solid",
            "borderRightWidth": "0px",
            "borderTopColor": "rgba(0,175,255,1.00)",
            "borderTopLeftRadius": "50px",
            "borderTopRightRadius": "50px",
            "borderTopStyle": "solid",
            "borderTopWidth": "0px",
            "boxShadow": "0px 0.75px 1.5px rgba(0,0,0,0.24)",
            "display": "flex",
            "marginBottom": "0px",
            "marginLeft": "0px",
            "marginRight": "0px",
            "marginTop": "0px",
            "minHeight": "44px",
            "minWidth": "64px",
            "msFlexAlign": "stretch",
            "paddingBottom": "0px",
            "paddingLeft": "0px",
            "paddingRight": "0px",
            "paddingTop": "0px",
          }
        }
      >
        <div
          className="css-cursor-18t94o4 css-view-1dbjc4n r-cursor-1loqt21 r-flex-13awgt0 r-overflow-1udh08x r-position-bnwqim r-touchAction-1otgn73"
          data-focusable={true}
          disabled={false}
          onKeyDown={[Function]}
          onKeyPress={[Function]}
          onKeyUp={[Function]}
          onResponderGrant={[Function]}
          onResponderMove={[Function]}
          onResponderRelease={[Function]}
          onResponderTerminate={[Function]}
          onResponderTerminationRequest={[Function]}
          onStartShouldSetResponder={[Function]}
          role="button"
          style={
            Object {
              "WebkitAlignSelf": "stretch",
              "alignSelf": "stretch",
              "borderBottomLeftRadius": "50px",
              "borderBottomRightRadius": "50px",
              "borderTopLeftRadius": "50px",
              "borderTopRightRadius": "50px",
              "msFlexItemAlign": "stretch",
            }
          }
          tabIndex="0"
        >
          <div
            className="css-view-1dbjc4n r-alignItems-1awozwy r-flex-13awgt0 r-flexDirection-18u37iz r-justifyContent-1777fci"
            style={
              Object {
                "WebkitAlignSelf": "stretch",
                "alignSelf": "stretch",
                "msFlexItemAlign": "stretch",
              }
            }
          >
            <div
              className="css-view-1dbjc4n r-marginHorizontal-1ydw1k6 r-marginVertical-712mwr"
            >
              <div
                className="css-view-1dbjc4n r-alignItems-1awozwy r-flex-13awgt0 r-flexDirection-18u37iz"
                style={
                  Object {
                    "display": "flex",
                  }
                }
              >
                <div
                  className="css-text-901oao r-alignItems-1awozwy r-justifyContent-1777fci"
                  dir="auto"
                  style={
                    Object {
                      "color": "rgba(255,255,255,1.00)",
                      "fontFamily": "Roboto",
                      "fontSize": "16px",
                      "fontWeight": "500",
                      "letterSpacing": "0px",
                      "lineHeight": "22px",
                      "paddingLeft": "5px",
                      "paddingRight": "5px",
                      "paddingTop": "1px",
                      "textAlign": "center",
                      "textDecoration": "none",
                      "textTransform": "uppercase",
                    }
                  }
                >
                  GOT IT
                </div>
              </div>
            </div>
          </div>
        </div>
      </div>
    </div>
  </div>
</div>
`;
