// Jest Snapshot v1, https://goo.gl/fbAQLP

exports[`Avatar matches snapshot 1`] = `
<div
  className="css-view-1dbjc4n"
  style={
    Object {
      "borderBottomLeftRadius": "50%",
      "borderBottomRightRadius": "50%",
      "borderTopLeftRadius": "50%",
      "borderTopRightRadius": "50%",
    }
  }
>
  <div
    className="css-view-1dbjc4n"
    style={
      Object {
        "backgroundColor": "rgba(255,255,255,1.00)",
        "borderBottomColor": "rgba(112,112,112,1.00)",
        "borderBottomLeftRadius": "17px",
        "borderBottomRightRadius": "17px",
        "borderBottomWidth": "1px",
        "borderLeftColor": "rgba(112,112,112,1.00)",
        "borderLeftWidth": "1px",
        "borderRightColor": "rgba(112,112,112,1.00)",
        "borderRightWidth": "1px",
        "borderTopColor": "rgba(112,112,112,1.00)",
        "borderTopLeftRadius": "17px",
        "borderTopRightRadius": "17px",
        "borderTopWidth": "1px",
        "height": "34px",
        "width": "34px",
      }
    }
  >
    <div
      className="css-view-1dbjc4n"
      style={
        Object {
          "WebkitFlexBasis": "auto",
          "borderBottomLeftRadius": "17px",
          "borderBottomRightRadius": "17px",
          "borderTopLeftRadius": "17px",
          "borderTopRightRadius": "17px",
          "flexBasis": "auto",
          "height": "34px",
          "msFlexPreferredSize": "auto",
          "overflowX": "hidden",
          "overflowY": "hidden",
          "width": "34px",
          "zIndex": 0,
        }
      }
    >
      <div
        className="css-view-1dbjc4n"
        style={
          Object {
            "backgroundColor": "rgba(0,0,0,0.00)",
            "backgroundPosition": "center",
            "backgroundRepeat": "no-repeat",
            "backgroundSize": "cover",
            "bottom": "0px",
            "height": "100%",
            "left": "0px",
            "position": "absolute",
            "right": "0px",
            "top": "0px",
            "width": "100%",
            "zIndex": -1,
          }
        }
      />
    </div>
  </div>
</div>
`;
