// Jest Snapshot v1, https://goo.gl/fbAQLP

exports[`Profile matches snapshot 1`] = `
<div
  style={
    Object {
      "WebkitAlignItems": "center",
      "WebkitBoxAlign": "center",
      "WebkitBoxDirection": "normal",
      "WebkitBoxOrient": "horizontal",
      "WebkitBoxPack": "center",
      "WebkitFlexBasis": "auto",
      "WebkitFlexDirection": "row",
      "WebkitFlexShrink": 0,
      "WebkitJustifyContent": "center",
      "alignItems": "center",
      "backgroundColor": "rgba(144,144,144,1.00)",
      "borderBottomStyle": "solid",
      "borderBottomWidth": "0px",
      "borderLeftStyle": "solid",
      "borderLeftWidth": "0px",
      "borderRightStyle": "solid",
      "borderRightWidth": "0px",
      "borderTopStyle": "solid",
      "borderTopWidth": "0px",
      "boxSizing": "border-box",
      "display": "flex",
      "flexBasis": "auto",
      "flexDirection": "row",
      "flexShrink": 0,
      "height": "60px",
      "justifyContent": "center",
      "marginBottom": "0px",
      "marginLeft": "0px",
      "marginRight": "0px",
      "marginTop": "0px",
      "minHeight": "0px",
      "minWidth": "0px",
      "msFlexAlign": "center",
      "msFlexDirection": "row",
      "msFlexNegative": 0,
      "msFlexPack": "center",
      "msFlexPreferredSize": "auto",
      "paddingBottom": "0px",
      "paddingLeft": "0px",
      "paddingRight": "0px",
      "paddingTop": "0px",
      "position": "relative",
      "zIndex": 0,
    }
  }
>
  <div
    style={
      Object {
        "WebkitAlignItems": "stretch",
        "WebkitBoxAlign": "stretch",
        "WebkitBoxDirection": "normal",
        "WebkitBoxOrient": "vertical",
        "WebkitFlexBasis": "auto",
        "WebkitFlexDirection": "column",
        "WebkitFlexShrink": 0,
        "alignItems": "stretch",
        "borderBottomStyle": "solid",
        "borderBottomWidth": "0px",
        "borderLeftStyle": "solid",
        "borderLeftWidth": "0px",
        "borderRightStyle": "solid",
        "borderRightWidth": "0px",
        "borderTopStyle": "solid",
        "borderTopWidth": "0px",
        "boxSizing": "border-box",
        "display": "flex",
        "flexBasis": "auto",
        "flexDirection": "column",
        "flexShrink": 0,
        "marginBottom": "0px",
        "marginLeft": "0px",
        "marginRight": "0px",
        "marginTop": "0px",
        "minHeight": "0px",
        "minWidth": "40px",
        "msFlexAlign": "stretch",
        "msFlexDirection": "column",
        "msFlexNegative": 0,
        "msFlexPreferredSize": "auto",
        "paddingBottom": "10px",
        "paddingLeft": "10px",
        "paddingRight": "10px",
        "paddingTop": "10px",
        "position": "relative",
        "zIndex": 0,
      }
    }
  >
    <div
      onClick={[Function]}
      style={
        Object {
          "WebkitAlignItems": "stretch",
          "WebkitBoxAlign": "stretch",
          "WebkitBoxDirection": "normal",
          "WebkitBoxOrient": "vertical",
          "WebkitFlexBasis": "auto",
          "WebkitFlexDirection": "column",
          "WebkitFlexShrink": 0,
          "alignItems": "stretch",
          "backgroundImage": "url(backButton.png)",
          "borderBottomStyle": "solid",
          "borderBottomWidth": "0px",
          "borderLeftStyle": "solid",
          "borderLeftWidth": "0px",
          "borderRightStyle": "solid",
          "borderRightWidth": "0px",
          "borderTopStyle": "solid",
          "borderTopWidth": "0px",
          "boxSizing": "border-box",
          "cursor": "pointer",
          "display": "flex",
          "flexBasis": "auto",
          "flexDirection": "column",
          "flexShrink": 0,
          "height": "25px",
          "marginBottom": "0px",
          "marginLeft": "0px",
          "marginRight": "0px",
          "marginTop": "0px",
          "minHeight": "0px",
          "minWidth": "0px",
          "msFlexAlign": "stretch",
          "msFlexDirection": "column",
          "msFlexNegative": 0,
          "msFlexPreferredSize": "auto",
          "paddingBottom": "0px",
          "paddingLeft": "0px",
          "paddingRight": "0px",
          "paddingTop": "0px",
          "position": "relative",
          "width": "25px",
          "zIndex": 0,
        }
      }
    />
  </div>
  <div
    dir="auto"
    style={
      Object {
        "WebkitBoxFlex": 2,
        "WebkitFlexGrow": 2,
        "borderBottomWidth": "0px",
        "borderLeftWidth": "0px",
        "borderRightWidth": "0px",
        "borderTopWidth": "0px",
        "boxSizing": "border-box",
        "color": "rgba(210,210,210,1.00)",
        "display": "inline",
        "flexGrow": 2,
        "fontFamily": "system-ui, -apple-system, BlinkMacSystemFont, \\"Segoe UI\\", Roboto, Ubuntu, \\"Helvetica Neue\\", sans-serif",
        "fontSize": "18px",
        "fontStyle": "inherit",
        "fontVariant": "inherit",
        "fontWeight": "inherit",
        "lineHeight": "inherit",
        "marginBottom": "0px",
        "marginLeft": "0px",
        "marginRight": "0px",
        "marginTop": "0px",
        "msFlexPositive": 2,
        "paddingBottom": "0px",
        "paddingLeft": "0px",
        "paddingRight": "0px",
        "paddingTop": "0px",
        "textAlign": "center",
        "textDecoration": "none",
        "textTransform": "uppercase",
        "whiteSpace": "pre-wrap",
        "wordWrap": "break-word",
      }
    }
  >
    Your Profile
  </div>
  <div
    style={
      Object {
        "WebkitAlignItems": "stretch",
        "WebkitBoxAlign": "stretch",
        "WebkitBoxDirection": "normal",
        "WebkitBoxOrient": "vertical",
        "WebkitFlexBasis": "auto",
        "WebkitFlexDirection": "column",
        "WebkitFlexShrink": 0,
        "alignItems": "stretch",
        "borderBottomStyle": "solid",
        "borderBottomWidth": "0px",
        "borderLeftStyle": "solid",
        "borderLeftWidth": "0px",
        "borderRightStyle": "solid",
        "borderRightWidth": "0px",
        "borderTopStyle": "solid",
        "borderTopWidth": "0px",
        "boxSizing": "border-box",
        "display": "flex",
        "flexBasis": "auto",
        "flexDirection": "column",
        "flexShrink": 0,
        "marginBottom": "0px",
        "marginLeft": "0px",
        "marginRight": "0px",
        "marginTop": "0px",
        "minHeight": "0px",
        "minWidth": "40px",
        "msFlexAlign": "stretch",
        "msFlexDirection": "column",
        "msFlexNegative": 0,
        "msFlexPreferredSize": "auto",
        "paddingBottom": "0px",
        "paddingLeft": "0px",
        "paddingRight": "0px",
        "paddingTop": "0px",
        "position": "relative",
        "zIndex": 0,
      }
    }
  />
</div>
`;
