// Jest Snapshot v1, https://goo.gl/fbAQLP

exports[`Address matches snapshot 1`] = `
<div
  className="css-text-901oao"
  dir="auto"
  style={
    Object {
      "WebkitTextDecorationStyle": "none",
      "color": "rgba(0,0,0,1.00)",
      "direction": "ltr",
      "fontFamily": "Roboto",
      "fontSize": "16px",
      "fontWeight": "normal",
      "textAlign": "center",
      "textDecorationStyle": "none",
      "textTransform": "none",
    }
  }
/>
`;
