// Jest Snapshot v1, https://goo.gl/fbAQLP

exports[`Avatar matches snapshot 1`] = `
<div
  aria-disabled={true}
  className="css-view-1dbjc4n r-transitionDuration-eafdt9 r-transitionProperty-1i6wzkk r-userSelect-lrvibr"
  disabled={true}
  onKeyDown={[Function]}
  onKeyUp={[Function]}
  onResponderGrant={[Function]}
  onResponderMove={[Function]}
  onResponderRelease={[Function]}
  onResponderTerminate={[Function]}
  onResponderTerminationRequest={[Function]}
  onStartShouldSetResponder={[Function]}
  style={
    Object {
      "WebkitAlignItems": "center",
      "WebkitBoxAlign": "center",
      "WebkitBoxPack": "center",
      "WebkitJustifyContent": "center",
      "alignItems": "center",
      "borderBottomLeftRadius": "21px",
      "borderBottomRightRadius": "21px",
      "borderBottomWidth": "1px",
      "borderLeftWidth": "1px",
      "borderRightWidth": "1px",
      "borderTopLeftRadius": "21px",
      "borderTopRightRadius": "21px",
      "borderTopWidth": "1px",
      "height": "42px",
      "justifyContent": "center",
      "msFlexAlign": "center",
      "msFlexPack": "center",
      "width": "42px",
    }
  }
>
  <div
    className="css-view-1dbjc4n"
    style={
      Object {
        "backgroundColor": "rgba(0,0,0,0.00)",
        "height": "42px",
        "width": "42px",
      }
    }
  >
    <unknownProfile.svg />
  </div>
</div>
`;
