// Jest Snapshot v1, https://goo.gl/fbAQLP

exports[`BigNumber matches snapshot 1`] = `
<div
  className="css-view-1dbjc4n"
  style={
    Object {
      "WebkitBoxFlex": 1,
      "WebkitFlexBasis": "0%",
      "WebkitFlexGrow": 1,
      "WebkitFlexShrink": 1,
      "flexBasis": "0%",
      "flexGrow": 1,
      "flexShrink": 1,
      "msFlexNegative": 1,
      "msFlexPositive": 1,
      "msFlexPreferredSize": "0%",
    }
  }
>
  <div
    className="css-view-1dbjc4n"
    style={
      Object {
        "WebkitAlignItems": "flex-end",
        "WebkitBoxAlign": "end",
        "WebkitBoxDirection": "normal",
        "WebkitBoxOrient": "horizontal",
        "WebkitFlexDirection": "row",
        "alignItems": "flex-end",
        "display": "flex",
        "flexDirection": "row",
        "msFlexAlign": "end",
        "msFlexDirection": "row",
      }
    }
  >
    <div
      className="css-text-901oao"
      dir="auto"
      style={
        Object {
          "color": "rgba(85,85,85,1.00)",
          "direction": "ltr",
          "fontFamily": "Roboto-Bold",
          "fontSize": "44px",
          "fontWeight": "700",
          "lineHeight": "22px",
          "marginRight": "4px",
          "textAlign": "right",
          "textDecoration": "none",
          "textTransform": "none",
        }
      }
    >
      10
    </div>
    <div
      className="css-text-901oao"
      dir="auto"
      style={
        Object {
          "color": "rgba(85,85,85,1.00)",
          "direction": "ltr",
          "fontFamily": "Roboto-Bold",
          "fontSize": "22px",
          "fontWeight": "700",
          "lineHeight": "22px",
          "textAlign": "right",
          "textDecoration": "none",
          "textTransform": "none",
        }
      }
    >
      G$
    </div>
  </div>
</div>
`;
