// Jest Snapshot v1, https://goo.gl/fbAQLP

exports[`BorderedBox matches snapshot 1`] = `
<div
  className="css-view-1dbjc4n r-flex-13awgt0 r-pointerEvents-12vffkv"
>
  <div
    className="css-view-1dbjc4n r-alignItems-1awozwy r-justifyContent-1777fci r-position-bnwqim"
    style={
      Object {
        "backgroundColor": "rgba(255,255,255,1.00)",
        "borderBottomColor": "rgba(163,163,163,1.00)",
        "borderBottomLeftRadius": "5px",
        "borderBottomRightRadius": "5px",
        "borderBottomWidth": "1px",
        "borderLeftColor": "rgba(163,163,163,1.00)",
        "borderLeftWidth": "1px",
        "borderRightColor": "rgba(163,163,163,1.00)",
        "borderRightWidth": "1px",
        "borderTopColor": "rgba(163,163,163,1.00)",
        "borderTopLeftRadius": "5px",
        "borderTopRightRadius": "5px",
        "borderTopWidth": "1px",
        "borerStyle": "solid",
        "display": "flex",
        "height": "153.35064935064935px",
        "paddingBottom": "16px",
        "paddingLeft": "12px",
        "paddingRight": "12px",
        "paddingTop": "16px",
      }
    }
  >
    <div
      className="css-view-1dbjc4n"
      style={
        Object {
          "backgroundColor": "rgba(255,255,255,1.00)",
          "height": "6.233766233766233px",
          "position": "absolute",
          "top": "-4px",
          "width": "116.11111111111111px",
        }
      }
    />
    <div
      className="css-text-901oao"
      dir="auto"
      style={
        Object {
          "color": "rgba(66,69,74,1.00)",
          "fontFamily": "Roboto Slab",
          "fontSize": "18px",
          "fontWeight": "700",
          "lineHeight": "24px",
          "marginBottom": "12.467532467532466px",
          "textAlign": "center",
          "textDecoration": "none",
          "textTransform": "none",
        }
      }
    />
    <div
      className="css-text-901oao"
      dir="auto"
      letterSpacing={0.07}
      style={
        Object {
          "color": "rgba(163,163,163,1.00)",
          "fontFamily": "Roboto",
          "fontSize": "13px",
          "fontWeight": "normal",
          "letterSpacing": "0.07px",
          "lineHeight": "15.6px",
          "textAlign": "center",
          "textDecoration": "none",
          "textTransform": "none",
        }
      }
    />
    <div
      className="css-view-1dbjc4n"
      style={
        Object {
          "backgroundColor": "rgba(255,255,255,1.00)",
          "bottom": "-4px",
          "height": "6.233766233766233px",
          "position": "absolute",
          "width": "68.6111111111111px",
        }
      }
    />
    <div
      className="css-view-1dbjc4n"
      style={
        Object {
          "bottom": "-33px",
          "height": "64.83116883116884px",
          "position": "absolute",
          "width": "116.11111111111111px",
          "zIndex": 1,
        }
      }
    >
      <div
        className="css-view-1dbjc4n r-alignItems-1awozwy r-justifyContent-1777fci"
        style={
          Object {
            "backgroundColor": "rgba(0,175,255,1.00)",
            "borderBottomColor": "rgba(0,175,255,1.00)",
            "borderBottomLeftRadius": "26px",
            "borderBottomRightRadius": "26px",
            "borderBottomStyle": "solid",
            "borderBottomWidth": "0px",
            "borderLeftColor": "rgba(0,175,255,1.00)",
            "borderLeftStyle": "solid",
            "borderLeftWidth": "0px",
            "borderRightColor": "rgba(0,175,255,1.00)",
            "borderRightStyle": "solid",
            "borderRightWidth": "0px",
            "borderTopColor": "rgba(0,175,255,1.00)",
            "borderTopLeftRadius": "26px",
            "borderTopRightRadius": "26px",
            "borderTopStyle": "solid",
            "borderTopWidth": "0px",
            "boxShadow": "0px 0.75px 1.5px rgba(0,0,0,0.24)",
            "display": "flex",
            "height": "50.138888888888886px",
            "marginBottom": "4.987012987012987px",
            "marginLeft": "auto",
            "marginRight": "auto",
            "marginTop": "0px",
            "minHeight": "44px",
            "minWidth": "50.138888888888886px",
            "paddingBottom": "0px",
            "paddingLeft": "0px",
            "paddingRight": "0px",
            "paddingTop": "0px",
            "width": "50.138888888888886px",
          }
        }
      >
        <div
          className="css-cursor-18t94o4 css-view-1dbjc4n r-cursor-1loqt21 r-flex-13awgt0 r-overflow-1udh08x r-position-bnwqim r-touchAction-1otgn73"
          data-focusable={true}
          disabled={false}
          onKeyDown={[Function]}
          onKeyPress={[Function]}
          onKeyUp={[Function]}
          onResponderGrant={[Function]}
          onResponderMove={[Function]}
          onResponderRelease={[Function]}
          onResponderTerminate={[Function]}
          onResponderTerminationRequest={[Function]}
          onStartShouldSetResponder={[Function]}
          role="button"
          style={
            Object {
              "WebkitAlignSelf": "stretch",
              "alignSelf": "stretch",
              "borderBottomLeftRadius": "26px",
              "borderBottomRightRadius": "26px",
              "borderTopLeftRadius": "26px",
              "borderTopRightRadius": "26px",
              "msFlexItemAlign": "stretch",
            }
          }
          tabIndex="0"
        >
          <div
            className="css-view-1dbjc4n r-alignItems-1awozwy r-flex-13awgt0 r-flexDirection-18u37iz r-justifyContent-1777fci"
            style={
              Object {
                "WebkitAlignSelf": "stretch",
                "alignSelf": "stretch",
                "msFlexItemAlign": "stretch",
              }
            }
          >
            <div
              className="css-view-1dbjc4n r-marginHorizontal-1ydw1k6 r-marginVertical-712mwr"
            >
              <div
                className="css-view-1dbjc4n r-alignItems-1awozwy r-flex-13awgt0 r-flexDirection-18u37iz"
                style={
                  Object {
                    "display": "flex",
                  }
                }
              >
                <div
                  className="css-text-901oao"
                  dir="auto"
                  style={
                    Object {
                      "color": "rgba(255,255,255,1.00)",
                      "fontFamily": "gooddollar",
                      "fontSize": "34px",
                      "fontStyle": "normal",
                      "fontWeight": "normal",
                    }
                  }
                >
                  î¡„
                </div>
              </div>
            </div>
          </div>
        </div>
      </div>
      <div
        className="css-text-901oao"
        dir="auto"
        style={
          Object {
            "color": "rgba(0,175,255,1.00)",
            "fontFamily": "Roboto",
            "fontSize": "10px",
            "fontWeight": "500",
            "lineHeight": "14px",
            "textAlign": "center",
            "textDecoration": "none",
            "textTransform": "none",
          }
        }
      />
    </div>
  </div>
</div>
`;
