// Jest Snapshot v1, https://goo.gl/fbAQLP

exports[`UserAvatar matches snapshot 1`] = `
<div
  className="css-view-1dbjc4n"
  style={
    Object {
      "WebkitBoxFlex": 1,
      "WebkitFlexBasis": "0%",
      "WebkitFlexGrow": 1,
      "WebkitFlexShrink": 1,
      "flexBasis": "0%",
      "flexGrow": 1,
      "flexShrink": 1,
      "msFlexNegative": 1,
      "msFlexPositive": 1,
      "msFlexPreferredSize": "0%",
    }
  }
>
  <div
    className="css-view-1dbjc4n"
    style={
      Object {
        "WebkitBoxDirection": "normal",
        "WebkitBoxFlex": 1,
        "WebkitBoxOrient": "horizontal",
        "WebkitBoxPack": "center",
        "WebkitFlexBasis": "0%",
        "WebkitFlexDirection": "row",
        "WebkitFlexGrow": 1,
        "WebkitFlexShrink": 1,
        "WebkitJustifyContent": "center",
        "flexBasis": "0%",
        "flexDirection": "row",
        "flexGrow": 1,
        "flexShrink": 1,
        "justifyContent": "center",
        "marginTop": "50px",
        "msFlexDirection": "row",
        "msFlexNegative": 1,
        "msFlexPack": "center",
        "msFlexPositive": 1,
        "msFlexPreferredSize": "0%",
      }
    }
  >
    <div
      className="css-view-1dbjc4n"
      style={
        Object {
          "WebkitBoxDirection": "normal",
          "WebkitBoxOrient": "vertical",
          "WebkitFlexDirection": "column",
          "flexDirection": "column",
          "msFlexDirection": "column",
        }
      }
    >
      <div
        aria-disabled={true}
        className="css-view-1dbjc4n"
        disabled={true}
        onKeyDown={[Function]}
        onKeyUp={[Function]}
        onResponderGrant={[Function]}
        onResponderMove={[Function]}
        onResponderRelease={[Function]}
        onResponderTerminate={[Function]}
        onResponderTerminationRequest={[Function]}
        onStartShouldSetResponder={[Function]}
        style={
          Object {
            "MozTransitionProperty": "opacity",
            "MozUserSelect": "none",
            "WebkitTransitionDuration": "0.15s",
            "WebkitTransitionProperty": "opacity",
            "WebkitUserSelect": "none",
            "backgroundColor": "rgba(0,0,0,0.00)",
            "msUserSelect": "none",
            "transitionDuration": "0.15s",
            "transitionProperty": "opacity",
            "userSelect": "none",
          }
        }
      >
        <div
          className="css-view-1dbjc4n"
          style={
            Object {
              "backgroundColor": "rgba(238,238,238,1.00)",
              "borderBottomLeftRadius": "60px",
              "borderBottomRightRadius": "60px",
              "borderTopLeftRadius": "60px",
              "borderTopRightRadius": "60px",
              "height": "120px",
              "width": "120px",
            }
          }
        >
          <div
            className="css-view-1dbjc4n"
            style={
              Object {
                "WebkitFlexBasis": "auto",
                "borderBottomLeftRadius": "60px",
                "borderBottomRightRadius": "60px",
                "borderTopLeftRadius": "60px",
                "borderTopRightRadius": "60px",
                "flexBasis": "auto",
                "height": "120px",
                "msFlexPreferredSize": "auto",
                "overflowX": "hidden",
                "overflowY": "hidden",
                "width": "120px",
                "zIndex": 0,
              }
            }
          >
            <div
              className="css-view-1dbjc4n"
              style={
                Object {
                  "backgroundColor": "rgba(0,0,0,0.00)",
                  "backgroundPosition": "center",
                  "backgroundRepeat": "no-repeat",
                  "backgroundSize": "cover",
                  "bottom": "0px",
                  "height": "100%",
                  "left": "0px",
                  "position": "absolute",
                  "right": "0px",
                  "top": "0px",
                  "width": "100%",
                  "zIndex": -1,
                }
              }
            />
          </div>
        </div>
      </div>
      <div
        className="css-text-901oao"
        dir="auto"
        style={
          Object {
            "color": "rgba(85,85,85,1.00)",
            "direction": "ltr",
            "fontFamily": "Roboto",
            "fontSize": "24px",
            "fontWeight": "500",
            "lineHeight": "22px",
            "marginBottom": "8px",
            "marginTop": "8px",
            "textAlign": "center",
            "textDecoration": "none",
            "textTransform": "uppercase",
          }
        }
      >
        John Doe
      </div>
    </div>
  </div>
</div>
`;
