// Jest Snapshot v1, https://goo.gl/fbAQLP

exports[`LoadingIcon matches snapshot 1`] = `
<div
  className="css-view-1dbjc4n r-flex-13awgt0 r-pointerEvents-12vffkv"
>
  <div
    className="css-view-1dbjc4n"
    style={
      Object {
        "WebkitBoxDirection": "normal",
        "WebkitBoxOrient": "horizontal",
        "WebkitBoxPack": "center",
        "WebkitFlexDirection": "row",
        "WebkitJustifyContent": "center",
        "display": "flex",
        "flexDirection": "row",
        "justifyContent": "center",
        "marginBottom": "16px",
        "msFlexDirection": "row",
        "msFlexPack": "center",
      }
    }
  >
    <div
      className="css-view-1dbjc4n"
      style={
        Object {
          "WebkitTransform": "rotate(0deg)",
          "height": "90px",
          "transform": "rotate(0deg)",
          "width": "90px",
        }
      }
    >
      <LoadingIcon.svg />
    </div>
  </div>
</div>
`;
