// Jest Snapshot v1, https://goo.gl/fbAQLP

exports[`ScrollToTopButton should match snapshot 1`] = `
<div
  className="css-view-1dbjc4n r-flex-13awgt0 r-pointerEvents-12vffkv"
>
  <div
    className="css-view-1dbjc4n"
    style={
      Object {
        "opacity": 0,
      }
    }
  >
    <div
      className="css-view-1dbjc4n r-cursor-1loqt21 r-touchAction-1otgn73"
      data-focusable={true}
      onKeyDown={[Function]}
      onKeyUp={[Function]}
      onResponderGrant={[Function]}
      onResponderMove={[Function]}
      onResponderRelease={[Function]}
      onResponderTerminate={[Function]}
      onResponderTerminationRequest={[Function]}
      onStartShouldSetResponder={[Function]}
      style={
        Object {
          "bottom": "0px",
          "height": "74px",
          "position": "absolute",
          "right": "0px",
          "width": "74px",
          "zIndex": 1000,
        }
      }
      tabIndex="0"
    >
      <scrollToTop.svg />
    </div>
  </div>
</div>
`;
