// Jest Snapshot v1, https://goo.gl/fbAQLP

exports[`SendToAddressButton should match snapshot 1`] = `
<div
  className="css-view-1dbjc4n r-flex-13awgt0 r-pointerEvents-12vffkv"
>
  <div
    className="css-view-1dbjc4n r-cursor-1loqt21 r-touchAction-1otgn73 r-transitionDuration-eafdt9 r-transitionProperty-1i6wzkk r-userSelect-lrvibr"
    data-focusable={true}
    onKeyDown={[Function]}
    onKeyUp={[Function]}
    onResponderGrant={[Function]}
    onResponderMove={[Function]}
    onResponderRelease={[Function]}
    onResponderTerminate={[Function]}
    onResponderTerminationRequest={[Function]}
    onStartShouldSetResponder={[Function]}
    tabIndex="0"
  >
    <div
      className="css-view-1dbjc4n"
      style={
        Object {
          "WebkitAlignItems": "center",
          "WebkitBoxAlign": "center",
          "alignItems": "center",
          "display": "flex",
          "marginLeft": "20px",
          "msFlexAlign": "center",
        }
      }
    >
      <div
        className="css-view-1dbjc4n"
        style={
          Object {
            "WebkitAlignItems": "center",
            "WebkitBoxAlign": "center",
            "WebkitBoxPack": "center",
            "WebkitJustifyContent": "center",
            "alignItems": "center",
            "backgroundColor": "rgba(12,38,61,1.00)",
            "borderBottomLeftRadius": "21px",
            "borderBottomRightRadius": "21px",
            "borderTopLeftRadius": "21px",
            "borderTopRightRadius": "21px",
            "display": "flex",
            "height": "30px",
            "justifyContent": "center",
            "marginBottom": "5px",
            "msFlexAlign": "center",
            "msFlexPack": "center",
            "width": "30px",
          }
        }
      >
        <div
          className="css-text-901oao"
          dir="auto"
          style={
            Object {
              "color": "rgba(255,255,255,1.00)",
              "fontFamily": "gooddollar",
              "fontSize": "20px",
              "fontStyle": "normal",
              "fontWeight": "normal",
            }
          }
        >
          î¡‚
        </div>
      </div>
      <div
        className="css-text-901oao"
        dir="auto"
        style={
          Object {
            "color": "rgba(12,38,61,1.00)",
            "fontFamily": "Roboto",
            "fontSize": "10px",
            "fontWeight": "500",
            "lineHeight": "11px",
            "textAlign": "center",
            "textDecoration": "none",
            "textTransform": "none",
          }
        }
      >
        Send to address
      </div>
    </div>
  </div>
</div>
`;
