// Jest Snapshot v1, https://goo.gl/fbAQLP

exports[`Sign Up Magic Link Info Screen matches snapshot 1`] = `
<div
  className="css-view-1dbjc4n r-flex-13awgt0 r-pointerEvents-12vffkv"
>
  <div
    className="css-view-1dbjc4n r-flex-13awgt0 r-paddingBottom-97e31f r-paddingLeft-bv2aro r-paddingRight-hxflta r-paddingTop-10xqauy"
  >
    <div
      className="css-view-1dbjc4n r-position-bnwqim"
      data-name="viewWrapper"
      style={
        Object {
          "WebkitBoxDirection": "normal",
          "WebkitBoxFlex": 1,
          "WebkitBoxOrient": "vertical",
          "WebkitFlexDirection": "column",
          "WebkitFlexGrow": 1,
          "backgroundColor": "rgba(0,0,0,0.00)",
          "display": "flex",
          "flexDirection": "column",
          "flexGrow": 1,
          "maxHeight": "844px",
          "msFlexDirection": "column",
          "msFlexPositive": 1,
          "paddingBottom": "16px",
          "paddingLeft": "16px",
          "paddingRight": "16px",
          "paddingTop": "16px",
          "width": "100%",
        }
      }
    >
      <div
        className="css-view-1dbjc4n"
        style={
          Object {
            "WebkitBoxFlex": 1,
            "WebkitFlexGrow": 1,
            "backgroundColor": "rgba(0,0,0,0.00)",
            "borderBottomLeftRadius": "5px",
            "borderBottomRightRadius": "5px",
            "borderTopLeftRadius": "5px",
            "borderTopRightRadius": "5px",
            "flexGrow": 1,
            "msFlexPositive": 1,
            "paddingBottom": "16px",
            "paddingLeft": "12px",
            "paddingRight": "12px",
            "paddingTop": "16px",
          }
        }
      >
        <div
          className="css-view-1dbjc4n"
          style={
            Object {
              "WebkitAlignItems": "stretch",
              "WebkitBoxAlign": "stretch",
              "WebkitBoxDirection": "normal",
              "WebkitBoxFlex": 1,
              "WebkitBoxOrient": "vertical",
              "WebkitBoxPack": "space-evenly",
              "WebkitFlexDirection": "column",
              "WebkitFlexGrow": 1,
              "WebkitJustifyContent": "space-evenly",
              "alignItems": "stretch",
              "flexDirection": "column",
              "flexGrow": 1,
              "justifyContent": "space-evenly",
              "msFlexAlign": "stretch",
              "msFlexDirection": "column",
              "msFlexPack": "space-evenly",
              "msFlexPositive": 1,
            }
          }
        >
          <div
            className="css-view-1dbjc4n r-alignItems-1awozwy r-flexDirection-18u37iz r-justifyContent-1777fci"
          >
            <div
              className="css-view-1dbjc4n"
              style={
                Object {
                  "borderBottomColor": "rgba(0,175,255,1.00)",
                  "borderBottomStyle": "solid",
                  "borderBottomWidth": "2px",
                }
              }
            >
              <div
                className="css-text-901oao"
                dir="auto"
                style={
                  Object {
                    "color": "rgba(0,175,255,1.00)",
                    "fontFamily": "Roboto Slab",
                    "fontSize": "28px",
                    "fontWeight": "700",
                    "lineHeight": "28px",
                    "paddingBottom": "5px",
                    "textAlign": "center",
                    "textDecoration": "none",
                    "textTransform": "none",
                  }
                }
              >
                GOOD TO KNOW
              </div>
            </div>
          </div>
          <div
            className="css-view-1dbjc4n"
            style={
              Object {
                "WebkitAlignSelf": "center",
                "WebkitBoxFlex": 1,
                "WebkitFlexGrow": 1,
                "WebkitFlexShrink": 0,
                "alignSelf": "center",
                "flexGrow": 1,
                "flexShrink": 0,
                "maxHeight": "175px",
                "minHeight": "95px",
                "msFlexItemAlign": "center",
                "msFlexNegative": 0,
                "msFlexPositive": 1,
                "width": "100%",
              }
            }
          >
            <maginLinkIllustration.svg />
          </div>
          <div
            className="css-view-1dbjc4n r-alignItems-1awozwy r-flexDirection-18u37iz r-justifyContent-1777fci"
          >
            <div
              className="css-view-1dbjc4n"
            >
              <div
                className="css-text-901oao"
                dir="auto"
                style={
                  Object {
                    "color": "rgba(66,69,74,1.00)",
                    "fontFamily": "Roboto",
                    "fontSize": "22px",
                    "fontWeight": "500",
                    "lineHeight": "30px",
                    "textAlign": "center",
                    "textDecoration": "none",
                    "textTransform": "none",
                  }
                }
              >
                <span
                  className="css-text-901oao css-textHasAncestor-16my406"
                  dir="auto"
                  style={
                    Object {
                      "color": "rgba(66,69,74,1.00)",
                      "fontFamily": "Roboto",
                      "fontSize": "22px",
                      "fontWeight": "700",
                      "lineHeight": "30px",
                      "textAlign": "center",
                      "textDecoration": "none",
                      "textTransform": "none",
                    }
                  }
                >
                  Next time 
                </span>
                you can sign in 
              </div>
              <div
                className="css-text-901oao"
                dir="auto"
                style={
                  Object {
                    "color": "rgba(66,69,74,1.00)",
                    "fontFamily": "Roboto",
                    "fontSize": "22px",
                    "fontWeight": "500",
                    "lineHeight": "30px",
                    "textAlign": "center",
                    "textDecoration": "none",
                    "textTransform": "none",
                  }
                }
              >
                from any device 
              </div>
              <div
                className="css-text-901oao"
                dir="auto"
                style={
                  Object {
                    "color": "rgba(66,69,74,1.00)",
                    "fontFamily": "Roboto",
                    "fontSize": "22px",
                    "fontWeight": "500",
                    "lineHeight": "30px",
                    "textAlign": "center",
                    "textDecoration": "none",
                    "textTransform": "none",
                  }
                }
              >
                using your 
                <span
                  className="css-text-901oao css-textHasAncestor-16my406"
                  dir="auto"
                  style={
                    Object {
                      "color": "rgba(66,69,74,1.00)",
                      "fontFamily": "Roboto",
                      "fontSize": "22px",
                      "fontWeight": "700",
                      "lineHeight": "30px",
                      "textAlign": "center",
                      "textDecoration": "none",
                      "textTransform": "none",
                    }
                  }
                >
                  Magic Link
                </span>
              </div>
            </div>
          </div>
          <div
            className="css-view-1dbjc4n r-alignItems-1awozwy r-flexDirection-18u37iz r-justifyContent-1777fci"
          >
            <div
              className="css-view-1dbjc4n"
            >
              <div
                className="css-text-901oao"
                dir="auto"
                style={
                  Object {
                    "color": "rgba(66,69,74,1.00)",
                    "fontFamily": "Roboto",
                    "fontSize": "14px",
                    "fontWeight": "normal",
                    "lineHeight": "20px",
                    "textAlign": "center",
                    "textDecoration": "none",
                    "textTransform": "none",
                  }
                }
              >
                Just find the 
                <span
                  className="css-text-901oao css-textHasAncestor-16my406"
                  dir="auto"
                  style={
                    Object {
                      "color": "rgba(66,69,74,1.00)",
                      "fontFamily": "Roboto",
                      "fontSize": "14px",
                      "fontWeight": "700",
                      "lineHeight": "20px",
                      "textAlign": "center",
                      "textDecoration": "none",
                      "textTransform": "none",
                    }
                  }
                >
                  GoodDollar Magic Mail
                </span>
              </div>
              <div
                className="css-text-901oao"
                dir="auto"
                style={
                  Object {
                    "color": "rgba(66,69,74,1.00)",
                    "fontFamily": "Roboto",
                    "fontSize": "14px",
                    "fontWeight": "normal",
                    "lineHeight": "20px",
                    "textAlign": "center",
                    "textDecoration": "none",
                    "textTransform": "none",
                  }
                }
              >
                that weâ€™ll soon send you 
              </div>
            </div>
          </div>
        </div>
        <div
          className="css-view-1dbjc4n r-alignItems-1awozwy r-flexDirection-18u37iz"
          style={
            Object {
              "WebkitBoxPack": "end",
              "WebkitJustifyContent": "flex-end",
              "justifyContent": "flex-end",
              "msFlexPack": "end",
            }
          }
        >
          <div
            className="css-view-1dbjc4n r-flex-13awgt0 r-justifyContent-1777fci"
            style={
              Object {
                "WebkitAlignItems": "stretch",
                "WebkitBoxAlign": "stretch",
                "alignItems": "stretch",
                "backgroundColor": "rgba(0,175,255,1.00)",
                "borderBottomColor": "rgba(0,175,255,1.00)",
                "borderBottomLeftRadius": "50px",
                "borderBottomRightRadius": "50px",
                "borderBottomStyle": "solid",
                "borderBottomWidth": "0px",
                "borderLeftColor": "rgba(0,175,255,1.00)",
                "borderLeftStyle": "solid",
                "borderLeftWidth": "0px",
                "borderRightColor": "rgba(0,175,255,1.00)",
                "borderRightStyle": "solid",
                "borderRightWidth": "0px",
                "borderTopColor": "rgba(0,175,255,1.00)",
                "borderTopLeftRadius": "50px",
                "borderTopRightRadius": "50px",
                "borderTopStyle": "solid",
                "borderTopWidth": "0px",
                "boxShadow": "0px 0.75px 1.5px rgba(0,0,0,0.24)",
                "display": "flex",
                "marginBottom": "0px",
                "marginLeft": "0px",
                "marginRight": "0px",
                "marginTop": "0px",
                "minHeight": "44px",
                "minWidth": "64px",
                "msFlexAlign": "stretch",
                "paddingBottom": "0px",
                "paddingLeft": "0px",
                "paddingRight": "0px",
                "paddingTop": "0px",
              }
            }
          >
            <div
              className="css-cursor-18t94o4 css-view-1dbjc4n r-cursor-1loqt21 r-flex-13awgt0 r-overflow-1udh08x r-position-bnwqim r-touchAction-1otgn73"
              data-focusable={true}
              disabled={false}
              onKeyDown={[Function]}
              onKeyPress={[Function]}
              onKeyUp={[Function]}
              onResponderGrant={[Function]}
              onResponderMove={[Function]}
              onResponderRelease={[Function]}
              onResponderTerminate={[Function]}
              onResponderTerminationRequest={[Function]}
              onStartShouldSetResponder={[Function]}
              role="button"
              style={
                Object {
                  "WebkitAlignSelf": "stretch",
                  "alignSelf": "stretch",
                  "borderBottomLeftRadius": "50px",
                  "borderBottomRightRadius": "50px",
                  "borderTopLeftRadius": "50px",
                  "borderTopRightRadius": "50px",
                  "msFlexItemAlign": "stretch",
                }
              }
              tabIndex="0"
            >
              <div
                className="css-view-1dbjc4n r-alignItems-1awozwy r-flex-13awgt0 r-flexDirection-18u37iz r-justifyContent-1777fci"
                style={
                  Object {
                    "WebkitAlignSelf": "stretch",
                    "alignSelf": "stretch",
                    "msFlexItemAlign": "stretch",
                  }
                }
              >
                <div
                  className="css-view-1dbjc4n r-marginHorizontal-1ydw1k6 r-marginVertical-712mwr"
                >
                  <div
                    className="css-view-1dbjc4n r-alignItems-1awozwy r-flex-13awgt0 r-flexDirection-18u37iz"
                    style={
                      Object {
                        "display": "flex",
                      }
                    }
                  >
                    <div
                      className="css-text-901oao r-alignItems-1awozwy r-justifyContent-1777fci"
                      dir="auto"
                      style={
                        Object {
                          "color": "rgba(255,255,255,1.00)",
                          "fontFamily": "Roboto",
                          "fontSize": "16px",
                          "fontWeight": "500",
                          "letterSpacing": "0px",
                          "lineHeight": "22px",
                          "paddingTop": "1px",
                          "textAlign": "center",
                          "textDecoration": "none",
                          "textTransform": "uppercase",
                        }
                      }
                    >
                      Cool, got it!
                    </div>
                  </div>
                </div>
              </div>
            </div>
          </div>
        </div>
      </div>
    </div>
  </div>
</div>
`;
